29-Aug-2026 19:38:25.031 INFO [main] org.apache.catalina.startup.VersionLoggerListener.log Server version name:   Apache Tomcat/8.5.96
29-Aug-2026 19:38:25.045 INFO [main] org.apache.catalina.startup.VersionLoggerListener.log Server built:          Nov 10 2023 14:56:59 UTC
29-Aug-2026 19:38:25.046 INFO [main] org.apache.catalina.startup.VersionLoggerListener.log Server version number: 8.5.96.0
29-Aug-2026 19:38:25.046 INFO [main] org.apache.catalina.startup.VersionLoggerListener.log OS Name:               Windows 11
29-Aug-2026 19:38:25.046 INFO [main] org.apache.catalina.startup.VersionLoggerListener.log OS Version:            10.0
29-Aug-2026 19:38:25.046 INFO [main] org.apache.catalina.startup.VersionLoggerListener.log Architecture:          amd64
29-Aug-2026 19:38:25.046 INFO [main] org.apache.catalina.startup.VersionLoggerListener.log Java Home:             C:\Program Files\Eclipse Adoptium\jdk-17.0.20.8-hotspot
29-Aug-2026 19:38:25.046 INFO [main] org.apache.catalina.startup.VersionLoggerListener.log JVM Version:           17.0.20+8
29-Aug-2026 19:38:25.046 INFO [main] org.apache.catalina.startup.VersionLoggerListener.log JVM Vendor:            Eclipse Adoptium
29-Aug-2026 19:38:25.048 INFO [main] org.apache.catalina.startup.VersionLoggerListener.log CATALINA_BASE:         D:\benedictmart\benedictmart\jerome_zom\tomcat
29-Aug-2026 19:38:25.048 INFO [main] org.apache.catalina.startup.VersionLoggerListener.log CATALINA_HOME:         D:\benedictmart\benedictmart\jerome_zom\tomcat
29-Aug-2026 19:38:25.049 INFO [main] org.apache.catalina.startup.VersionLoggerListener.log Command line argument: --add-opens=java.base/java.lang=ALL-UNNAMED
29-Aug-2026 19:38:25.049 INFO [main] org.apache.catalina.startup.VersionLoggerListener.log Command line argument: --add-opens=java.base/java.io=ALL-UNNAMED
29-Aug-2026 19:38:25.049 INFO [main] org.apache.catalina.startup.VersionLoggerListener.log Command line argument: --add-opens=java.base/java.util=ALL-UNNAMED
29-Aug-2026 19:38:25.049 INFO [main] org.apache.catalina.startup.VersionLoggerListener.log Command line argument: --add-opens=java.base/java.util.concurrent=ALL-UNNAMED
29-Aug-2026 19:38:25.049 INFO [main] org.apache.catalina.startup.VersionLoggerListener.log Command line argument: --add-opens=java.rmi/sun.rmi.transport=ALL-UNNAMED
29-Aug-2026 19:38:25.051 INFO [main] org.apache.catalina.startup.VersionLoggerListener.log Command line argument: -Djava.util.logging.config.file=D:\benedictmart\benedictmart\jerome_zom\tomcat\conf\logging.properties
29-Aug-2026 19:38:25.051 INFO [main] org.apache.catalina.startup.VersionLoggerListener.log Command line argument: -Djava.util.logging.manager=org.apache.juli.ClassLoaderLogManager
29-Aug-2026 19:38:25.051 INFO [main] org.apache.catalina.startup.VersionLoggerListener.log Command line argument: -Djdk.tls.ephemeralDHKeySize=2048
29-Aug-2026 19:38:25.051 INFO [main] org.apache.catalina.startup.VersionLoggerListener.log Command line argument: -Djava.protocol.handler.pkgs=org.apache.catalina.webresources
29-Aug-2026 19:38:25.051 INFO [main] org.apache.catalina.startup.VersionLoggerListener.log Command line argument: -Dignore.endorsed.dirs=
29-Aug-2026 19:38:25.051 INFO [main] org.apache.catalina.startup.VersionLoggerListener.log Command line argument: -Dcatalina.base=D:\benedictmart\benedictmart\jerome_zom\tomcat
29-Aug-2026 19:38:25.053 INFO [main] org.apache.catalina.startup.VersionLoggerListener.log Command line argument: -Dcatalina.home=D:\benedictmart\benedictmart\jerome_zom\tomcat
29-Aug-2026 19:38:25.053 INFO [main] org.apache.catalina.startup.VersionLoggerListener.log Command line argument: -Djava.io.tmpdir=D:\benedictmart\benedictmart\jerome_zom\tomcat\temp
29-Aug-2026 19:38:25.053 INFO [main] org.apache.catalina.core.AprLifecycleListener.lifecycleEvent Loaded Apache Tomcat Native library [1.3.8] using APR version [1.7.6].
29-Aug-2026 19:38:25.053 INFO [main] org.apache.catalina.core.AprLifecycleListener.lifecycleEvent APR capabilities: IPv6 [true], sendfile [true], accept filters [false], random [true], UDS [{4}].
29-Aug-2026 19:38:25.053 INFO [main] org.apache.catalina.core.AprLifecycleListener.lifecycleEvent APR/OpenSSL configuration: useAprConnector [false], useOpenSSL [true]
29-Aug-2026 19:38:25.095 INFO [main] org.apache.catalina.core.AprLifecycleListener.initializeSSL OpenSSL successfully initialized [OpenSSL 3.0.21 9 Jun 2026]
29-Aug-2026 19:38:25.148 INFO [main] org.apache.coyote.AbstractProtocol.init Initializing ProtocolHandler ["http-nio-8080"]
29-Aug-2026 19:38:25.189 INFO [main] org.apache.catalina.startup.Catalina.load Initialization processed in 776 ms
29-Aug-2026 19:38:25.265 INFO [main] org.apache.catalina.core.StandardService.startInternal Starting service [Catalina]
29-Aug-2026 19:38:25.275 INFO [main] org.apache.catalina.core.StandardEngine.startInternal Starting Servlet engine: [Apache Tomcat/8.5.96]
29-Aug-2026 19:38:25.309 INFO [localhost-startStop-1] org.apache.catalina.startup.HostConfig.deployWAR Deploying web application archive [D:\benedictmart\benedictmart\jerome_zom\tomcat\webapps\benedictjeromemart.war]
29-Aug-2026 19:38:26.366 WARNING [localhost-startStop-1] org.apache.tomcat.util.descriptor.web.WebXml.setVersion Unknown version string [4.0]. Default version will be used.
29-Aug-2026 19:38:26.954 INFO [localhost-startStop-1] org.apache.jasper.servlet.TldScanner.scanJars At least one JAR was scanned for TLDs yet contained no TLDs. Enable debug logging for this logger for a complete list of JARs that were scanned but no TLDs were found in them. Skipping unneeded JARs during scanning can improve startup time and JSP compilation time.
29-Aug-2026 19:38:27.935 SEVERE [localhost-startStop-1] org.apache.catalina.core.StandardContext.startInternal One or more Filters failed to start. Full details will be found in the appropriate container log file
29-Aug-2026 19:38:27.935 SEVERE [localhost-startStop-1] org.apache.catalina.core.StandardContext.startInternal Context [/benedictjeromemart] startup failed due to previous errors
29-Aug-2026 19:38:27.994 WARNING [localhost-startStop-1] org.apache.catalina.loader.WebappClassLoaderBase.clearReferencesJdbc The web application [benedictjeromemart] registered the JDBC driver [org.h2.Driver] but failed to unregister it when the web application was stopped. To prevent a memory leak, the JDBC Driver has been forcibly unregistered.
29-Aug-2026 19:38:28.004 INFO [localhost-startStop-1] org.apache.catalina.startup.HostConfig.deployWAR Deployment of web application archive [D:\benedictmart\benedictmart\jerome_zom\tomcat\webapps\benedictjeromemart.war] has finished in [2,695] ms
29-Aug-2026 19:38:28.004 INFO [localhost-startStop-1] org.apache.catalina.startup.HostConfig.deployDirectory Deploying web application directory [D:\benedictmart\benedictmart\jerome_zom\tomcat\webapps\docs]
29-Aug-2026 19:38:28.068 INFO [localhost-startStop-1] org.apache.catalina.startup.HostConfig.deployDirectory Deployment of web application directory [D:\benedictmart\benedictmart\jerome_zom\tomcat\webapps\docs] has finished in [64] ms
29-Aug-2026 19:38:28.068 INFO [localhost-startStop-1] org.apache.catalina.startup.HostConfig.deployDirectory Deploying web application directory [D:\benedictmart\benedictmart\jerome_zom\tomcat\webapps\examples]
29-Aug-2026 19:38:29.172 INFO [localhost-startStop-1] org.apache.catalina.startup.HostConfig.deployDirectory Deployment of web application directory [D:\benedictmart\benedictmart\jerome_zom\tomcat\webapps\examples] has finished in [1,104] ms
29-Aug-2026 19:38:29.172 INFO [localhost-startStop-1] org.apache.catalina.startup.HostConfig.deployDirectory Deploying web application directory [D:\benedictmart\benedictmart\jerome_zom\tomcat\webapps\host-manager]
29-Aug-2026 19:38:29.226 INFO [localhost-startStop-1] org.apache.catalina.startup.HostConfig.deployDirectory Deployment of web application directory [D:\benedictmart\benedictmart\jerome_zom\tomcat\webapps\host-manager] has finished in [54] ms
29-Aug-2026 19:38:29.230 INFO [localhost-startStop-1] org.apache.catalina.startup.HostConfig.deployDirectory Deploying web application directory [D:\benedictmart\benedictmart\jerome_zom\tomcat\webapps\manager]
29-Aug-2026 19:38:29.274 INFO [localhost-startStop-1] org.apache.catalina.startup.HostConfig.deployDirectory Deployment of web application directory [D:\benedictmart\benedictmart\jerome_zom\tomcat\webapps\manager] has finished in [48] ms
29-Aug-2026 19:38:29.274 INFO [localhost-startStop-1] org.apache.catalina.startup.HostConfig.deployDirectory Deploying web application directory [D:\benedictmart\benedictmart\jerome_zom\tomcat\webapps\ROOT]
29-Aug-2026 19:38:29.391 INFO [localhost-startStop-1] org.apache.catalina.startup.HostConfig.deployDirectory Deployment of web application directory [D:\benedictmart\benedictmart\jerome_zom\tomcat\webapps\ROOT] has finished in [117] ms
29-Aug-2026 19:38:29.404 INFO [main] org.apache.coyote.AbstractProtocol.start Starting ProtocolHandler ["http-nio-8080"]
29-Aug-2026 19:38:29.626 INFO [main] org.apache.catalina.startup.Catalina.start Server startup in 4433 ms
29-Aug-2026 19:55:50.498 INFO [main] org.apache.catalina.core.StandardServer.await A valid shutdown command was received via the shutdown port. Stopping the Server instance.
29-Aug-2026 19:55:50.498 INFO [main] org.apache.coyote.AbstractProtocol.pause Pausing ProtocolHandler ["http-nio-8080"]
29-Aug-2026 19:55:50.514 INFO [main] org.apache.catalina.core.StandardService.stopInternal Stopping service [Catalina]
29-Aug-2026 19:55:50.549 INFO [main] org.apache.coyote.AbstractProtocol.stop Stopping ProtocolHandler ["http-nio-8080"]
29-Aug-2026 19:55:50.566 INFO [main] org.apache.coyote.AbstractProtocol.destroy Destroying ProtocolHandler ["http-nio-8080"]
29-Aug-2026 19:56:17.715 INFO [main] org.apache.catalina.startup.VersionLoggerListener.log Server version name:   Apache Tomcat/8.5.96
29-Aug-2026 19:56:17.725 INFO [main] org.apache.catalina.startup.VersionLoggerListener.log Server built:          Nov 10 2023 14:56:59 UTC
29-Aug-2026 19:56:17.725 INFO [main] org.apache.catalina.startup.VersionLoggerListener.log Server version number: 8.5.96.0
29-Aug-2026 19:56:17.725 INFO [main] org.apache.catalina.startup.VersionLoggerListener.log OS Name:               Windows 11
29-Aug-2026 19:56:17.725 INFO [main] org.apache.catalina.startup.VersionLoggerListener.log OS Version:            10.0
29-Aug-2026 19:56:17.725 INFO [main] org.apache.catalina.startup.VersionLoggerListener.log Architecture:          amd64
29-Aug-2026 19:56:17.725 INFO [main] org.apache.catalina.startup.VersionLoggerListener.log Java Home:             C:\Program Files\Eclipse Adoptium\jdk-17.0.20.8-hotspot
29-Aug-2026 19:56:17.728 INFO [main] org.apache.catalina.startup.VersionLoggerListener.log JVM Version:           17.0.20+8
29-Aug-2026 19:56:17.728 INFO [main] org.apache.catalina.startup.VersionLoggerListener.log JVM Vendor:            Eclipse Adoptium
29-Aug-2026 19:56:17.728 INFO [main] org.apache.catalina.startup.VersionLoggerListener.log CATALINA_BASE:         D:\benedictmart\benedictmart\jerome_zom\tomcat
29-Aug-2026 19:56:17.728 INFO [main] org.apache.catalina.startup.VersionLoggerListener.log CATALINA_HOME:         D:\benedictmart\benedictmart\jerome_zom\tomcat
29-Aug-2026 19:56:17.728 INFO [main] org.apache.catalina.startup.VersionLoggerListener.log Command line argument: --add-opens=java.base/java.lang=ALL-UNNAMED
29-Aug-2026 19:56:17.728 INFO [main] org.apache.catalina.startup.VersionLoggerListener.log Command line argument: --add-opens=java.base/java.io=ALL-UNNAMED
29-Aug-2026 19:56:17.732 INFO [main] org.apache.catalina.startup.VersionLoggerListener.log Command line argument: --add-opens=java.base/java.util=ALL-UNNAMED
29-Aug-2026 19:56:17.732 INFO [main] org.apache.catalina.startup.VersionLoggerListener.log Command line argument: --add-opens=java.base/java.util.concurrent=ALL-UNNAMED
29-Aug-2026 19:56:17.732 INFO [main] org.apache.catalina.startup.VersionLoggerListener.log Command line argument: --add-opens=java.rmi/sun.rmi.transport=ALL-UNNAMED
29-Aug-2026 19:56:17.732 INFO [main] org.apache.catalina.startup.VersionLoggerListener.log Command line argument: -Djava.util.logging.config.file=D:\benedictmart\benedictmart\jerome_zom\tomcat\conf\logging.properties
29-Aug-2026 19:56:17.732 INFO [main] org.apache.catalina.startup.VersionLoggerListener.log Command line argument: -Djava.util.logging.manager=org.apache.juli.ClassLoaderLogManager
29-Aug-2026 19:56:17.732 INFO [main] org.apache.catalina.startup.VersionLoggerListener.log Command line argument: -Djdk.tls.ephemeralDHKeySize=2048
29-Aug-2026 19:56:17.732 INFO [main] org.apache.catalina.startup.VersionLoggerListener.log Command line argument: -Djava.protocol.handler.pkgs=org.apache.catalina.webresources
29-Aug-2026 19:56:17.735 INFO [main] org.apache.catalina.startup.VersionLoggerListener.log Command line argument: -Dignore.endorsed.dirs=
29-Aug-2026 19:56:17.735 INFO [main] org.apache.catalina.startup.VersionLoggerListener.log Command line argument: -Dcatalina.base=D:\benedictmart\benedictmart\jerome_zom\tomcat
29-Aug-2026 19:56:17.735 INFO [main] org.apache.catalina.startup.VersionLoggerListener.log Command line argument: -Dcatalina.home=D:\benedictmart\benedictmart\jerome_zom\tomcat
29-Aug-2026 19:56:17.735 INFO [main] org.apache.catalina.startup.VersionLoggerListener.log Command line argument: -Djava.io.tmpdir=D:\benedictmart\benedictmart\jerome_zom\tomcat\temp
29-Aug-2026 19:56:17.735 INFO [main] org.apache.catalina.core.AprLifecycleListener.lifecycleEvent Loaded Apache Tomcat Native library [1.3.8] using APR version [1.7.6].
29-Aug-2026 19:56:17.735 INFO [main] org.apache.catalina.core.AprLifecycleListener.lifecycleEvent APR capabilities: IPv6 [true], sendfile [true], accept filters [false], random [true], UDS [{4}].
29-Aug-2026 19:56:17.735 INFO [main] org.apache.catalina.core.AprLifecycleListener.lifecycleEvent APR/OpenSSL configuration: useAprConnector [false], useOpenSSL [true]
29-Aug-2026 19:56:17.745 INFO [main] org.apache.catalina.core.AprLifecycleListener.initializeSSL OpenSSL successfully initialized [OpenSSL 3.0.21 9 Jun 2026]
29-Aug-2026 19:56:17.805 INFO [main] org.apache.coyote.AbstractProtocol.init Initializing ProtocolHandler ["http-nio-8080"]
29-Aug-2026 19:56:17.858 INFO [main] org.apache.catalina.startup.Catalina.load Initialization processed in 844 ms
29-Aug-2026 19:56:17.952 INFO [main] org.apache.catalina.core.StandardService.startInternal Starting service [Catalina]
29-Aug-2026 19:56:17.952 INFO [main] org.apache.catalina.core.StandardEngine.startInternal Starting Servlet engine: [Apache Tomcat/8.5.96]
29-Aug-2026 19:56:18.005 INFO [localhost-startStop-1] org.apache.catalina.startup.HostConfig.deployWAR Deploying web application archive [D:\benedictmart\benedictmart\jerome_zom\tomcat\webapps\benedictjeromemart.war]
29-Aug-2026 19:56:18.027 INFO [localhost-startStop-1] org.apache.catalina.startup.ExpandWar.expand An expanded directory [D:\benedictmart\benedictmart\jerome_zom\tomcat\webapps\benedictjeromemart] was found with a last modified time that did not match the associated WAR. It will be deleted.
29-Aug-2026 19:56:18.854 WARNING [localhost-startStop-1] org.apache.tomcat.util.descriptor.web.WebXml.setVersion Unknown version string [4.0]. Default version will be used.
29-Aug-2026 19:56:19.365 INFO [localhost-startStop-1] org.apache.jasper.servlet.TldScanner.scanJars At least one JAR was scanned for TLDs yet contained no TLDs. Enable debug logging for this logger for a complete list of JARs that were scanned but no TLDs were found in them. Skipping unneeded JARs during scanning can improve startup time and JSP compilation time.
29-Aug-2026 19:56:19.767 INFO [localhost-startStop-1] org.apache.catalina.startup.HostConfig.deployWAR Deployment of web application archive [D:\benedictmart\benedictmart\jerome_zom\tomcat\webapps\benedictjeromemart.war] has finished in [1,760] ms
29-Aug-2026 19:56:19.768 INFO [localhost-startStop-1] org.apache.catalina.startup.HostConfig.deployDirectory Deploying web application directory [D:\benedictmart\benedictmart\jerome_zom\tomcat\webapps\docs]
29-Aug-2026 19:56:19.903 INFO [localhost-startStop-1] org.apache.catalina.startup.HostConfig.deployDirectory Deployment of web application directory [D:\benedictmart\benedictmart\jerome_zom\tomcat\webapps\docs] has finished in [135] ms
29-Aug-2026 19:56:19.906 INFO [localhost-startStop-1] org.apache.catalina.startup.HostConfig.deployDirectory Deploying web application directory [D:\benedictmart\benedictmart\jerome_zom\tomcat\webapps\examples]
29-Aug-2026 19:56:20.900 INFO [localhost-startStop-1] org.apache.catalina.startup.HostConfig.deployDirectory Deployment of web application directory [D:\benedictmart\benedictmart\jerome_zom\tomcat\webapps\examples] has finished in [994] ms
29-Aug-2026 19:56:20.902 INFO [localhost-startStop-1] org.apache.catalina.startup.HostConfig.deployDirectory Deploying web application directory [D:\benedictmart\benedictmart\jerome_zom\tomcat\webapps\host-manager]
29-Aug-2026 19:56:21.009 INFO [localhost-startStop-1] org.apache.catalina.startup.HostConfig.deployDirectory Deployment of web application directory [D:\benedictmart\benedictmart\jerome_zom\tomcat\webapps\host-manager] has finished in [108] ms
29-Aug-2026 19:56:21.009 INFO [localhost-startStop-1] org.apache.catalina.startup.HostConfig.deployDirectory Deploying web application directory [D:\benedictmart\benedictmart\jerome_zom\tomcat\webapps\manager]
29-Aug-2026 19:56:21.103 INFO [localhost-startStop-1] org.apache.catalina.startup.HostConfig.deployDirectory Deployment of web application directory [D:\benedictmart\benedictmart\jerome_zom\tomcat\webapps\manager] has finished in [94] ms
29-Aug-2026 19:56:21.105 INFO [localhost-startStop-1] org.apache.catalina.startup.HostConfig.deployDirectory Deploying web application directory [D:\benedictmart\benedictmart\jerome_zom\tomcat\webapps\ROOT]
29-Aug-2026 19:56:21.164 INFO [localhost-startStop-1] org.apache.catalina.startup.HostConfig.deployDirectory Deployment of web application directory [D:\benedictmart\benedictmart\jerome_zom\tomcat\webapps\ROOT] has finished in [59] ms
29-Aug-2026 19:56:21.170 INFO [main] org.apache.coyote.AbstractProtocol.start Starting ProtocolHandler ["http-nio-8080"]
29-Aug-2026 19:56:21.310 INFO [main] org.apache.catalina.startup.Catalina.start Server startup in 3454 ms
