01-Sep-2026 06:42:00.994 SEVERE [main] org.apache.catalina.startup.Catalina.stopServer Could not contact [localhost:8005] (base port [8005] and offset [0]). Tomcat may not be running.
01-Sep-2026 06:42:09.801 INFO [main] org.apache.catalina.startup.VersionLoggerListener.log Server version name:   Apache Tomcat/8.5.96
01-Sep-2026 06:42:09.809 INFO [main] org.apache.catalina.startup.VersionLoggerListener.log Server built:          Nov 10 2023 14:56:59 UTC
01-Sep-2026 06:42:09.809 INFO [main] org.apache.catalina.startup.VersionLoggerListener.log Server version number: 8.5.96.0
01-Sep-2026 06:42:09.809 INFO [main] org.apache.catalina.startup.VersionLoggerListener.log OS Name:               Windows 11
01-Sep-2026 06:42:09.812 INFO [main] org.apache.catalina.startup.VersionLoggerListener.log OS Version:            10.0
01-Sep-2026 06:42:09.812 INFO [main] org.apache.catalina.startup.VersionLoggerListener.log Architecture:          amd64
01-Sep-2026 06:42:09.814 INFO [main] org.apache.catalina.startup.VersionLoggerListener.log Java Home:             C:\Program Files\Eclipse Adoptium\jdk-17.0.20.8-hotspot
01-Sep-2026 06:42:09.814 INFO [main] org.apache.catalina.startup.VersionLoggerListener.log JVM Version:           17.0.20+8
01-Sep-2026 06:42:09.814 INFO [main] org.apache.catalina.startup.VersionLoggerListener.log JVM Vendor:            Eclipse Adoptium
01-Sep-2026 06:42:09.814 INFO [main] org.apache.catalina.startup.VersionLoggerListener.log CATALINA_BASE:         D:\benedictmart\benedictmart\jerome_zom\tomcat
01-Sep-2026 06:42:09.816 INFO [main] org.apache.catalina.startup.VersionLoggerListener.log CATALINA_HOME:         D:\benedictmart\benedictmart\jerome_zom\tomcat
01-Sep-2026 06:42:09.818 INFO [main] org.apache.catalina.startup.VersionLoggerListener.log Command line argument: --add-opens=java.base/java.lang=ALL-UNNAMED
01-Sep-2026 06:42:09.818 INFO [main] org.apache.catalina.startup.VersionLoggerListener.log Command line argument: --add-opens=java.base/java.io=ALL-UNNAMED
01-Sep-2026 06:42:09.818 INFO [main] org.apache.catalina.startup.VersionLoggerListener.log Command line argument: --add-opens=java.base/java.util=ALL-UNNAMED
01-Sep-2026 06:42:09.818 INFO [main] org.apache.catalina.startup.VersionLoggerListener.log Command line argument: --add-opens=java.base/java.util.concurrent=ALL-UNNAMED
01-Sep-2026 06:42:09.818 INFO [main] org.apache.catalina.startup.VersionLoggerListener.log Command line argument: --add-opens=java.rmi/sun.rmi.transport=ALL-UNNAMED
01-Sep-2026 06:42:09.818 INFO [main] org.apache.catalina.startup.VersionLoggerListener.log Command line argument: -Djava.util.logging.config.file=D:\benedictmart\benedictmart\jerome_zom\tomcat\conf\logging.properties
01-Sep-2026 06:42:09.818 INFO [main] org.apache.catalina.startup.VersionLoggerListener.log Command line argument: -Djava.util.logging.manager=org.apache.juli.ClassLoaderLogManager
01-Sep-2026 06:42:09.818 INFO [main] org.apache.catalina.startup.VersionLoggerListener.log Command line argument: -Djdk.tls.ephemeralDHKeySize=2048
01-Sep-2026 06:42:09.822 INFO [main] org.apache.catalina.startup.VersionLoggerListener.log Command line argument: -Djava.protocol.handler.pkgs=org.apache.catalina.webresources
01-Sep-2026 06:42:09.822 INFO [main] org.apache.catalina.startup.VersionLoggerListener.log Command line argument: -Dignore.endorsed.dirs=
01-Sep-2026 06:42:09.822 INFO [main] org.apache.catalina.startup.VersionLoggerListener.log Command line argument: -Dcatalina.base=D:\benedictmart\benedictmart\jerome_zom\tomcat
01-Sep-2026 06:42:09.822 INFO [main] org.apache.catalina.startup.VersionLoggerListener.log Command line argument: -Dcatalina.home=D:\benedictmart\benedictmart\jerome_zom\tomcat
01-Sep-2026 06:42:09.825 INFO [main] org.apache.catalina.startup.VersionLoggerListener.log Command line argument: -Djava.io.tmpdir=D:\benedictmart\benedictmart\jerome_zom\tomcat\temp
01-Sep-2026 06:42:09.825 INFO [main] org.apache.catalina.core.AprLifecycleListener.lifecycleEvent Loaded Apache Tomcat Native library [1.3.8] using APR version [1.7.6].
01-Sep-2026 06:42:09.825 INFO [main] org.apache.catalina.core.AprLifecycleListener.lifecycleEvent APR capabilities: IPv6 [true], sendfile [true], accept filters [false], random [true], UDS [{4}].
01-Sep-2026 06:42:09.825 INFO [main] org.apache.catalina.core.AprLifecycleListener.lifecycleEvent APR/OpenSSL configuration: useAprConnector [false], useOpenSSL [true]
01-Sep-2026 06:42:09.886 INFO [main] org.apache.catalina.core.AprLifecycleListener.initializeSSL OpenSSL successfully initialized [OpenSSL 3.0.21 9 Jun 2026]
01-Sep-2026 06:42:09.981 INFO [main] org.apache.coyote.AbstractProtocol.init Initializing ProtocolHandler ["http-nio-8080"]
01-Sep-2026 06:42:10.050 INFO [main] org.apache.catalina.startup.Catalina.load Initialization processed in 860 ms
01-Sep-2026 06:42:10.147 INFO [main] org.apache.catalina.core.StandardService.startInternal Starting service [Catalina]
01-Sep-2026 06:42:10.148 INFO [main] org.apache.catalina.core.StandardEngine.startInternal Starting Servlet engine: [Apache Tomcat/8.5.96]
01-Sep-2026 06:42:10.191 INFO [localhost-startStop-1] org.apache.catalina.startup.HostConfig.deployWAR Deploying web application archive [D:\benedictmart\benedictmart\jerome_zom\tomcat\webapps\benedictjeromemart.war]
01-Sep-2026 06:42:11.162 WARNING [localhost-startStop-1] org.apache.tomcat.util.descriptor.web.WebXml.setVersion Unknown version string [4.0]. Default version will be used.
01-Sep-2026 06:42:11.874 INFO [localhost-startStop-1] org.apache.jasper.servlet.TldScanner.scanJars At least one JAR was scanned for TLDs yet contained no TLDs. Enable debug logging for this logger for a complete list of JARs that were scanned but no TLDs were found in them. Skipping unneeded JARs during scanning can improve startup time and JSP compilation time.
01-Sep-2026 06:42:17.443 INFO [localhost-startStop-1] org.apache.catalina.startup.HostConfig.deployWAR Deployment of web application archive [D:\benedictmart\benedictmart\jerome_zom\tomcat\webapps\benedictjeromemart.war] has finished in [7,252] ms
01-Sep-2026 06:42:17.446 INFO [localhost-startStop-1] org.apache.catalina.startup.HostConfig.deployDirectory Deploying web application directory [D:\benedictmart\benedictmart\jerome_zom\tomcat\webapps\docs]
01-Sep-2026 06:42:17.534 INFO [localhost-startStop-1] org.apache.catalina.startup.HostConfig.deployDirectory Deployment of web application directory [D:\benedictmart\benedictmart\jerome_zom\tomcat\webapps\docs] has finished in [88] ms
01-Sep-2026 06:42:17.534 INFO [localhost-startStop-1] org.apache.catalina.startup.HostConfig.deployDirectory Deploying web application directory [D:\benedictmart\benedictmart\jerome_zom\tomcat\webapps\examples]
01-Sep-2026 06:42:18.926 INFO [localhost-startStop-1] org.apache.catalina.startup.HostConfig.deployDirectory Deployment of web application directory [D:\benedictmart\benedictmart\jerome_zom\tomcat\webapps\examples] has finished in [1,392] ms
01-Sep-2026 06:42:18.930 INFO [localhost-startStop-1] org.apache.catalina.startup.HostConfig.deployDirectory Deploying web application directory [D:\benedictmart\benedictmart\jerome_zom\tomcat\webapps\host-manager]
01-Sep-2026 06:42:19.017 INFO [localhost-startStop-1] org.apache.catalina.startup.HostConfig.deployDirectory Deployment of web application directory [D:\benedictmart\benedictmart\jerome_zom\tomcat\webapps\host-manager] has finished in [82] ms
01-Sep-2026 06:42:19.017 INFO [localhost-startStop-1] org.apache.catalina.startup.HostConfig.deployDirectory Deploying web application directory [D:\benedictmart\benedictmart\jerome_zom\tomcat\webapps\manager]
01-Sep-2026 06:42:19.099 INFO [localhost-startStop-1] org.apache.catalina.startup.HostConfig.deployDirectory Deployment of web application directory [D:\benedictmart\benedictmart\jerome_zom\tomcat\webapps\manager] has finished in [82] ms
01-Sep-2026 06:42:19.099 INFO [localhost-startStop-1] org.apache.catalina.startup.HostConfig.deployDirectory Deploying web application directory [D:\benedictmart\benedictmart\jerome_zom\tomcat\webapps\ROOT]
01-Sep-2026 06:42:19.170 INFO [localhost-startStop-1] org.apache.catalina.startup.HostConfig.deployDirectory Deployment of web application directory [D:\benedictmart\benedictmart\jerome_zom\tomcat\webapps\ROOT] has finished in [71] ms
01-Sep-2026 06:42:19.186 INFO [main] org.apache.coyote.AbstractProtocol.start Starting ProtocolHandler ["http-nio-8080"]
01-Sep-2026 06:42:19.330 INFO [main] org.apache.catalina.startup.Catalina.start Server startup in 9276 ms
01-Sep-2026 06:51:17.414 INFO [main] org.apache.catalina.core.StandardServer.await A valid shutdown command was received via the shutdown port. Stopping the Server instance.
01-Sep-2026 06:51:17.415 INFO [main] org.apache.coyote.AbstractProtocol.pause Pausing ProtocolHandler ["http-nio-8080"]
01-Sep-2026 06:51:17.437 INFO [main] org.apache.catalina.core.StandardService.stopInternal Stopping service [Catalina]
01-Sep-2026 06:51:17.740 WARNING [localhost-startStop-2] org.apache.catalina.loader.WebappClassLoaderBase.clearReferencesJdbc The web application [benedictjeromemart] registered the JDBC driver [org.h2.Driver] but failed to unregister it when the web application was stopped. To prevent a memory leak, the JDBC Driver has been forcibly unregistered.
01-Sep-2026 06:51:17.753 INFO [main] org.apache.coyote.AbstractProtocol.stop Stopping ProtocolHandler ["http-nio-8080"]
01-Sep-2026 06:51:17.777 INFO [main] org.apache.coyote.AbstractProtocol.destroy Destroying ProtocolHandler ["http-nio-8080"]
01-Sep-2026 06:51:33.724 INFO [main] org.apache.catalina.startup.VersionLoggerListener.log Server version name:   Apache Tomcat/8.5.96
01-Sep-2026 06:51:33.730 INFO [main] org.apache.catalina.startup.VersionLoggerListener.log Server built:          Nov 10 2023 14:56:59 UTC
01-Sep-2026 06:51:33.730 INFO [main] org.apache.catalina.startup.VersionLoggerListener.log Server version number: 8.5.96.0
01-Sep-2026 06:51:33.732 INFO [main] org.apache.catalina.startup.VersionLoggerListener.log OS Name:               Windows 11
01-Sep-2026 06:51:33.732 INFO [main] org.apache.catalina.startup.VersionLoggerListener.log OS Version:            10.0
01-Sep-2026 06:51:33.732 INFO [main] org.apache.catalina.startup.VersionLoggerListener.log Architecture:          amd64
01-Sep-2026 06:51:33.733 INFO [main] org.apache.catalina.startup.VersionLoggerListener.log Java Home:             C:\Program Files\Eclipse Adoptium\jdk-17.0.20.8-hotspot
01-Sep-2026 06:51:33.734 INFO [main] org.apache.catalina.startup.VersionLoggerListener.log JVM Version:           17.0.20+8
01-Sep-2026 06:51:33.734 INFO [main] org.apache.catalina.startup.VersionLoggerListener.log JVM Vendor:            Eclipse Adoptium
01-Sep-2026 06:51:33.734 INFO [main] org.apache.catalina.startup.VersionLoggerListener.log CATALINA_BASE:         D:\benedictmart\benedictmart\jerome_zom\tomcat
01-Sep-2026 06:51:33.734 INFO [main] org.apache.catalina.startup.VersionLoggerListener.log CATALINA_HOME:         D:\benedictmart\benedictmart\jerome_zom\tomcat
01-Sep-2026 06:51:33.737 INFO [main] org.apache.catalina.startup.VersionLoggerListener.log Command line argument: --add-opens=java.base/java.lang=ALL-UNNAMED
01-Sep-2026 06:51:33.737 INFO [main] org.apache.catalina.startup.VersionLoggerListener.log Command line argument: --add-opens=java.base/java.io=ALL-UNNAMED
01-Sep-2026 06:51:33.738 INFO [main] org.apache.catalina.startup.VersionLoggerListener.log Command line argument: --add-opens=java.base/java.util=ALL-UNNAMED
01-Sep-2026 06:51:33.738 INFO [main] org.apache.catalina.startup.VersionLoggerListener.log Command line argument: --add-opens=java.base/java.util.concurrent=ALL-UNNAMED
01-Sep-2026 06:51:33.739 INFO [main] org.apache.catalina.startup.VersionLoggerListener.log Command line argument: --add-opens=java.rmi/sun.rmi.transport=ALL-UNNAMED
01-Sep-2026 06:51:33.739 INFO [main] org.apache.catalina.startup.VersionLoggerListener.log Command line argument: -Djava.util.logging.config.file=D:\benedictmart\benedictmart\jerome_zom\tomcat\conf\logging.properties
01-Sep-2026 06:51:33.740 INFO [main] org.apache.catalina.startup.VersionLoggerListener.log Command line argument: -Djava.util.logging.manager=org.apache.juli.ClassLoaderLogManager
01-Sep-2026 06:51:33.740 INFO [main] org.apache.catalina.startup.VersionLoggerListener.log Command line argument: -Djdk.tls.ephemeralDHKeySize=2048
01-Sep-2026 06:51:33.740 INFO [main] org.apache.catalina.startup.VersionLoggerListener.log Command line argument: -Djava.protocol.handler.pkgs=org.apache.catalina.webresources
01-Sep-2026 06:51:33.740 INFO [main] org.apache.catalina.startup.VersionLoggerListener.log Command line argument: -Dignore.endorsed.dirs=
01-Sep-2026 06:51:33.740 INFO [main] org.apache.catalina.startup.VersionLoggerListener.log Command line argument: -Dcatalina.base=D:\benedictmart\benedictmart\jerome_zom\tomcat
01-Sep-2026 06:51:33.740 INFO [main] org.apache.catalina.startup.VersionLoggerListener.log Command line argument: -Dcatalina.home=D:\benedictmart\benedictmart\jerome_zom\tomcat
01-Sep-2026 06:51:33.742 INFO [main] org.apache.catalina.startup.VersionLoggerListener.log Command line argument: -Djava.io.tmpdir=D:\benedictmart\benedictmart\jerome_zom\tomcat\temp
01-Sep-2026 06:51:33.742 INFO [main] org.apache.catalina.core.AprLifecycleListener.lifecycleEvent Loaded Apache Tomcat Native library [1.3.8] using APR version [1.7.6].
01-Sep-2026 06:51:33.742 INFO [main] org.apache.catalina.core.AprLifecycleListener.lifecycleEvent APR capabilities: IPv6 [true], sendfile [true], accept filters [false], random [true], UDS [{4}].
01-Sep-2026 06:51:33.742 INFO [main] org.apache.catalina.core.AprLifecycleListener.lifecycleEvent APR/OpenSSL configuration: useAprConnector [false], useOpenSSL [true]
01-Sep-2026 06:51:33.749 INFO [main] org.apache.catalina.core.AprLifecycleListener.initializeSSL OpenSSL successfully initialized [OpenSSL 3.0.21 9 Jun 2026]
01-Sep-2026 06:51:33.814 INFO [main] org.apache.coyote.AbstractProtocol.init Initializing ProtocolHandler ["http-nio-8080"]
01-Sep-2026 06:51:33.866 INFO [main] org.apache.catalina.startup.Catalina.load Initialization processed in 749 ms
01-Sep-2026 06:51:33.965 INFO [main] org.apache.catalina.core.StandardService.startInternal Starting service [Catalina]
01-Sep-2026 06:51:33.965 INFO [main] org.apache.catalina.core.StandardEngine.startInternal Starting Servlet engine: [Apache Tomcat/8.5.96]
01-Sep-2026 06:51:34.017 INFO [localhost-startStop-1] org.apache.catalina.startup.HostConfig.deployWAR Deploying web application archive [D:\benedictmart\benedictmart\jerome_zom\tomcat\webapps\benedictjeromemart.war]
01-Sep-2026 06:51:34.899 WARNING [localhost-startStop-1] org.apache.tomcat.util.descriptor.web.WebXml.setVersion Unknown version string [4.0]. Default version will be used.
01-Sep-2026 06:51:35.637 INFO [localhost-startStop-1] org.apache.jasper.servlet.TldScanner.scanJars At least one JAR was scanned for TLDs yet contained no TLDs. Enable debug logging for this logger for a complete list of JARs that were scanned but no TLDs were found in them. Skipping unneeded JARs during scanning can improve startup time and JSP compilation time.
01-Sep-2026 06:51:37.361 INFO [localhost-startStop-1] org.apache.catalina.startup.HostConfig.deployWAR Deployment of web application archive [D:\benedictmart\benedictmart\jerome_zom\tomcat\webapps\benedictjeromemart.war] has finished in [3,342] ms
01-Sep-2026 06:51:37.367 INFO [localhost-startStop-1] org.apache.catalina.startup.HostConfig.deployDirectory Deploying web application directory [D:\benedictmart\benedictmart\jerome_zom\tomcat\webapps\docs]
01-Sep-2026 06:51:37.496 INFO [localhost-startStop-1] org.apache.catalina.startup.HostConfig.deployDirectory Deployment of web application directory [D:\benedictmart\benedictmart\jerome_zom\tomcat\webapps\docs] has finished in [127] ms
01-Sep-2026 06:51:37.496 INFO [localhost-startStop-1] org.apache.catalina.startup.HostConfig.deployDirectory Deploying web application directory [D:\benedictmart\benedictmart\jerome_zom\tomcat\webapps\examples]
01-Sep-2026 06:51:38.322 INFO [localhost-startStop-1] org.apache.catalina.startup.HostConfig.deployDirectory Deployment of web application directory [D:\benedictmart\benedictmart\jerome_zom\tomcat\webapps\examples] has finished in [826] ms
01-Sep-2026 06:51:38.323 INFO [localhost-startStop-1] org.apache.catalina.startup.HostConfig.deployDirectory Deploying web application directory [D:\benedictmart\benedictmart\jerome_zom\tomcat\webapps\host-manager]
01-Sep-2026 06:51:38.402 INFO [localhost-startStop-1] org.apache.catalina.startup.HostConfig.deployDirectory Deployment of web application directory [D:\benedictmart\benedictmart\jerome_zom\tomcat\webapps\host-manager] has finished in [79] ms
01-Sep-2026 06:51:38.402 INFO [localhost-startStop-1] org.apache.catalina.startup.HostConfig.deployDirectory Deploying web application directory [D:\benedictmart\benedictmart\jerome_zom\tomcat\webapps\manager]
01-Sep-2026 06:51:38.490 INFO [localhost-startStop-1] org.apache.catalina.startup.HostConfig.deployDirectory Deployment of web application directory [D:\benedictmart\benedictmart\jerome_zom\tomcat\webapps\manager] has finished in [88] ms
01-Sep-2026 06:51:38.490 INFO [localhost-startStop-1] org.apache.catalina.startup.HostConfig.deployDirectory Deploying web application directory [D:\benedictmart\benedictmart\jerome_zom\tomcat\webapps\ROOT]
01-Sep-2026 06:51:38.559 INFO [localhost-startStop-1] org.apache.catalina.startup.HostConfig.deployDirectory Deployment of web application directory [D:\benedictmart\benedictmart\jerome_zom\tomcat\webapps\ROOT] has finished in [69] ms
01-Sep-2026 06:51:38.566 INFO [main] org.apache.coyote.AbstractProtocol.start Starting ProtocolHandler ["http-nio-8080"]
01-Sep-2026 06:51:38.678 INFO [main] org.apache.catalina.startup.Catalina.start Server startup in 4811 ms
01-Sep-2026 12:41:33.955 SEVERE [main] org.apache.catalina.startup.Catalina.stopServer Could not contact [localhost:8005] (base port [8005] and offset [0]). Tomcat may not be running.
01-Sep-2026 12:41:51.011 INFO [main] org.apache.catalina.startup.VersionLoggerListener.log Server version name:   Apache Tomcat/8.5.96
01-Sep-2026 12:41:51.016 INFO [main] org.apache.catalina.startup.VersionLoggerListener.log Server built:          Nov 10 2023 14:56:59 UTC
01-Sep-2026 12:41:51.016 INFO [main] org.apache.catalina.startup.VersionLoggerListener.log Server version number: 8.5.96.0
01-Sep-2026 12:41:51.016 INFO [main] org.apache.catalina.startup.VersionLoggerListener.log OS Name:               Windows 11
01-Sep-2026 12:41:51.017 INFO [main] org.apache.catalina.startup.VersionLoggerListener.log OS Version:            10.0
01-Sep-2026 12:41:51.017 INFO [main] org.apache.catalina.startup.VersionLoggerListener.log Architecture:          amd64
01-Sep-2026 12:41:51.017 INFO [main] org.apache.catalina.startup.VersionLoggerListener.log Java Home:             C:\Program Files\Eclipse Adoptium\jdk-17.0.20.8-hotspot
01-Sep-2026 12:41:51.017 INFO [main] org.apache.catalina.startup.VersionLoggerListener.log JVM Version:           17.0.20+8
01-Sep-2026 12:41:51.017 INFO [main] org.apache.catalina.startup.VersionLoggerListener.log JVM Vendor:            Eclipse Adoptium
01-Sep-2026 12:41:51.019 INFO [main] org.apache.catalina.startup.VersionLoggerListener.log CATALINA_BASE:         D:\benedictmart\benedictmart\jerome_zom\tomcat
01-Sep-2026 12:41:51.019 INFO [main] org.apache.catalina.startup.VersionLoggerListener.log CATALINA_HOME:         D:\benedictmart\benedictmart\jerome_zom\tomcat
01-Sep-2026 12:41:51.019 INFO [main] org.apache.catalina.startup.VersionLoggerListener.log Command line argument: --add-opens=java.base/java.lang=ALL-UNNAMED
01-Sep-2026 12:41:51.019 INFO [main] org.apache.catalina.startup.VersionLoggerListener.log Command line argument: --add-opens=java.base/java.io=ALL-UNNAMED
01-Sep-2026 12:41:51.019 INFO [main] org.apache.catalina.startup.VersionLoggerListener.log Command line argument: --add-opens=java.base/java.util=ALL-UNNAMED
01-Sep-2026 12:41:51.019 INFO [main] org.apache.catalina.startup.VersionLoggerListener.log Command line argument: --add-opens=java.base/java.util.concurrent=ALL-UNNAMED
01-Sep-2026 12:41:51.019 INFO [main] org.apache.catalina.startup.VersionLoggerListener.log Command line argument: --add-opens=java.rmi/sun.rmi.transport=ALL-UNNAMED
01-Sep-2026 12:41:51.019 INFO [main] org.apache.catalina.startup.VersionLoggerListener.log Command line argument: -Djava.util.logging.config.file=D:\benedictmart\benedictmart\jerome_zom\tomcat\conf\logging.properties
01-Sep-2026 12:41:51.019 INFO [main] org.apache.catalina.startup.VersionLoggerListener.log Command line argument: -Djava.util.logging.manager=org.apache.juli.ClassLoaderLogManager
01-Sep-2026 12:41:51.019 INFO [main] org.apache.catalina.startup.VersionLoggerListener.log Command line argument: -Djdk.tls.ephemeralDHKeySize=2048
01-Sep-2026 12:41:51.019 INFO [main] org.apache.catalina.startup.VersionLoggerListener.log Command line argument: -Djava.protocol.handler.pkgs=org.apache.catalina.webresources
01-Sep-2026 12:41:51.019 INFO [main] org.apache.catalina.startup.VersionLoggerListener.log Command line argument: -Dignore.endorsed.dirs=
01-Sep-2026 12:41:51.023 INFO [main] org.apache.catalina.startup.VersionLoggerListener.log Command line argument: -Dcatalina.base=D:\benedictmart\benedictmart\jerome_zom\tomcat
01-Sep-2026 12:41:51.023 INFO [main] org.apache.catalina.startup.VersionLoggerListener.log Command line argument: -Dcatalina.home=D:\benedictmart\benedictmart\jerome_zom\tomcat
01-Sep-2026 12:41:51.023 INFO [main] org.apache.catalina.startup.VersionLoggerListener.log Command line argument: -Djava.io.tmpdir=D:\benedictmart\benedictmart\jerome_zom\tomcat\temp
01-Sep-2026 12:41:51.024 INFO [main] org.apache.catalina.core.AprLifecycleListener.lifecycleEvent Loaded Apache Tomcat Native library [1.3.8] using APR version [1.7.6].
01-Sep-2026 12:41:51.024 INFO [main] org.apache.catalina.core.AprLifecycleListener.lifecycleEvent APR capabilities: IPv6 [true], sendfile [true], accept filters [false], random [true], UDS [{4}].
01-Sep-2026 12:41:51.024 INFO [main] org.apache.catalina.core.AprLifecycleListener.lifecycleEvent APR/OpenSSL configuration: useAprConnector [false], useOpenSSL [true]
01-Sep-2026 12:41:51.073 INFO [main] org.apache.catalina.core.AprLifecycleListener.initializeSSL OpenSSL successfully initialized [OpenSSL 3.0.21 9 Jun 2026]
01-Sep-2026 12:41:51.134 INFO [main] org.apache.coyote.AbstractProtocol.init Initializing ProtocolHandler ["http-nio-8080"]
01-Sep-2026 12:41:51.190 INFO [main] org.apache.catalina.startup.Catalina.load Initialization processed in 826 ms
01-Sep-2026 12:41:51.286 INFO [main] org.apache.catalina.core.StandardService.startInternal Starting service [Catalina]
01-Sep-2026 12:41:51.286 INFO [main] org.apache.catalina.core.StandardEngine.startInternal Starting Servlet engine: [Apache Tomcat/8.5.96]
01-Sep-2026 12:41:51.336 INFO [localhost-startStop-1] org.apache.catalina.startup.HostConfig.deployWAR Deploying web application archive [D:\benedictmart\benedictmart\jerome_zom\tomcat\webapps\benedictjeromemart.war]
01-Sep-2026 12:41:52.336 WARNING [localhost-startStop-1] org.apache.tomcat.util.descriptor.web.WebXml.setVersion Unknown version string [4.0]. Default version will be used.
01-Sep-2026 12:41:53.897 INFO [localhost-startStop-1] org.apache.jasper.servlet.TldScanner.scanJars At least one JAR was scanned for TLDs yet contained no TLDs. Enable debug logging for this logger for a complete list of JARs that were scanned but no TLDs were found in them. Skipping unneeded JARs during scanning can improve startup time and JSP compilation time.
01-Sep-2026 12:41:59.690 INFO [localhost-startStop-1] org.apache.catalina.startup.HostConfig.deployWAR Deployment of web application archive [D:\benedictmart\benedictmart\jerome_zom\tomcat\webapps\benedictjeromemart.war] has finished in [8,354] ms
01-Sep-2026 12:41:59.694 INFO [localhost-startStop-1] org.apache.catalina.startup.HostConfig.deployDirectory Deploying web application directory [D:\benedictmart\benedictmart\jerome_zom\tomcat\webapps\docs]
01-Sep-2026 12:41:59.783 INFO [localhost-startStop-1] org.apache.catalina.startup.HostConfig.deployDirectory Deployment of web application directory [D:\benedictmart\benedictmart\jerome_zom\tomcat\webapps\docs] has finished in [89] ms
01-Sep-2026 12:41:59.783 INFO [localhost-startStop-1] org.apache.catalina.startup.HostConfig.deployDirectory Deploying web application directory [D:\benedictmart\benedictmart\jerome_zom\tomcat\webapps\examples]
01-Sep-2026 12:42:01.297 INFO [localhost-startStop-1] org.apache.catalina.startup.HostConfig.deployDirectory Deployment of web application directory [D:\benedictmart\benedictmart\jerome_zom\tomcat\webapps\examples] has finished in [1,514] ms
01-Sep-2026 12:42:01.297 INFO [localhost-startStop-1] org.apache.catalina.startup.HostConfig.deployDirectory Deploying web application directory [D:\benedictmart\benedictmart\jerome_zom\tomcat\webapps\host-manager]
01-Sep-2026 12:42:01.383 INFO [localhost-startStop-1] org.apache.catalina.startup.HostConfig.deployDirectory Deployment of web application directory [D:\benedictmart\benedictmart\jerome_zom\tomcat\webapps\host-manager] has finished in [84] ms
01-Sep-2026 12:42:01.383 INFO [localhost-startStop-1] org.apache.catalina.startup.HostConfig.deployDirectory Deploying web application directory [D:\benedictmart\benedictmart\jerome_zom\tomcat\webapps\manager]
01-Sep-2026 12:42:01.467 INFO [localhost-startStop-1] org.apache.catalina.startup.HostConfig.deployDirectory Deployment of web application directory [D:\benedictmart\benedictmart\jerome_zom\tomcat\webapps\manager] has finished in [80] ms
01-Sep-2026 12:42:01.467 INFO [localhost-startStop-1] org.apache.catalina.startup.HostConfig.deployDirectory Deploying web application directory [D:\benedictmart\benedictmart\jerome_zom\tomcat\webapps\ROOT]
01-Sep-2026 12:42:01.553 INFO [localhost-startStop-1] org.apache.catalina.startup.HostConfig.deployDirectory Deployment of web application directory [D:\benedictmart\benedictmart\jerome_zom\tomcat\webapps\ROOT] has finished in [86] ms
01-Sep-2026 12:42:01.557 INFO [main] org.apache.coyote.AbstractProtocol.start Starting ProtocolHandler ["http-nio-8080"]
01-Sep-2026 12:42:01.715 INFO [main] org.apache.catalina.startup.Catalina.start Server startup in 10523 ms
01-Sep-2026 13:10:03.300 INFO [main] org.apache.catalina.core.StandardServer.await A valid shutdown command was received via the shutdown port. Stopping the Server instance.
01-Sep-2026 13:10:03.302 INFO [main] org.apache.coyote.AbstractProtocol.pause Pausing ProtocolHandler ["http-nio-8080"]
01-Sep-2026 13:10:03.329 INFO [main] org.apache.catalina.core.StandardService.stopInternal Stopping service [Catalina]
01-Sep-2026 13:10:04.229 WARNING [localhost-startStop-2] org.apache.catalina.loader.WebappClassLoaderBase.clearReferencesJdbc The web application [benedictjeromemart] registered the JDBC driver [org.h2.Driver] but failed to unregister it when the web application was stopped. To prevent a memory leak, the JDBC Driver has been forcibly unregistered.
01-Sep-2026 13:10:04.245 INFO [main] org.apache.coyote.AbstractProtocol.stop Stopping ProtocolHandler ["http-nio-8080"]
01-Sep-2026 13:10:04.255 INFO [main] org.apache.coyote.AbstractProtocol.destroy Destroying ProtocolHandler ["http-nio-8080"]
01-Sep-2026 13:10:19.934 INFO [main] org.apache.catalina.startup.VersionLoggerListener.log Server version name:   Apache Tomcat/8.5.96
01-Sep-2026 13:10:19.939 INFO [main] org.apache.catalina.startup.VersionLoggerListener.log Server built:          Nov 10 2023 14:56:59 UTC
01-Sep-2026 13:10:19.940 INFO [main] org.apache.catalina.startup.VersionLoggerListener.log Server version number: 8.5.96.0
01-Sep-2026 13:10:19.941 INFO [main] org.apache.catalina.startup.VersionLoggerListener.log OS Name:               Windows 11
01-Sep-2026 13:10:19.941 INFO [main] org.apache.catalina.startup.VersionLoggerListener.log OS Version:            10.0
01-Sep-2026 13:10:19.942 INFO [main] org.apache.catalina.startup.VersionLoggerListener.log Architecture:          amd64
01-Sep-2026 13:10:19.942 INFO [main] org.apache.catalina.startup.VersionLoggerListener.log Java Home:             C:\Program Files\Eclipse Adoptium\jdk-17.0.20.8-hotspot
01-Sep-2026 13:10:19.942 INFO [main] org.apache.catalina.startup.VersionLoggerListener.log JVM Version:           17.0.20+8
01-Sep-2026 13:10:19.944 INFO [main] org.apache.catalina.startup.VersionLoggerListener.log JVM Vendor:            Eclipse Adoptium
01-Sep-2026 13:10:19.944 INFO [main] org.apache.catalina.startup.VersionLoggerListener.log CATALINA_BASE:         D:\benedictmart\benedictmart\jerome_zom\tomcat
01-Sep-2026 13:10:19.944 INFO [main] org.apache.catalina.startup.VersionLoggerListener.log CATALINA_HOME:         D:\benedictmart\benedictmart\jerome_zom\tomcat
01-Sep-2026 13:10:19.945 INFO [main] org.apache.catalina.startup.VersionLoggerListener.log Command line argument: --add-opens=java.base/java.lang=ALL-UNNAMED
01-Sep-2026 13:10:19.946 INFO [main] org.apache.catalina.startup.VersionLoggerListener.log Command line argument: --add-opens=java.base/java.io=ALL-UNNAMED
01-Sep-2026 13:10:19.946 INFO [main] org.apache.catalina.startup.VersionLoggerListener.log Command line argument: --add-opens=java.base/java.util=ALL-UNNAMED
01-Sep-2026 13:10:19.947 INFO [main] org.apache.catalina.startup.VersionLoggerListener.log Command line argument: --add-opens=java.base/java.util.concurrent=ALL-UNNAMED
01-Sep-2026 13:10:19.948 INFO [main] org.apache.catalina.startup.VersionLoggerListener.log Command line argument: --add-opens=java.rmi/sun.rmi.transport=ALL-UNNAMED
01-Sep-2026 13:10:19.949 INFO [main] org.apache.catalina.startup.VersionLoggerListener.log Command line argument: -Djava.util.logging.config.file=D:\benedictmart\benedictmart\jerome_zom\tomcat\conf\logging.properties
01-Sep-2026 13:10:19.949 INFO [main] org.apache.catalina.startup.VersionLoggerListener.log Command line argument: -Djava.util.logging.manager=org.apache.juli.ClassLoaderLogManager
01-Sep-2026 13:10:19.949 INFO [main] org.apache.catalina.startup.VersionLoggerListener.log Command line argument: -Djdk.tls.ephemeralDHKeySize=2048
01-Sep-2026 13:10:19.950 INFO [main] org.apache.catalina.startup.VersionLoggerListener.log Command line argument: -Djava.protocol.handler.pkgs=org.apache.catalina.webresources
01-Sep-2026 13:10:19.950 INFO [main] org.apache.catalina.startup.VersionLoggerListener.log Command line argument: -Dignore.endorsed.dirs=
01-Sep-2026 13:10:19.952 INFO [main] org.apache.catalina.startup.VersionLoggerListener.log Command line argument: -Dcatalina.base=D:\benedictmart\benedictmart\jerome_zom\tomcat
01-Sep-2026 13:10:19.952 INFO [main] org.apache.catalina.startup.VersionLoggerListener.log Command line argument: -Dcatalina.home=D:\benedictmart\benedictmart\jerome_zom\tomcat
01-Sep-2026 13:10:19.953 INFO [main] org.apache.catalina.startup.VersionLoggerListener.log Command line argument: -Djava.io.tmpdir=D:\benedictmart\benedictmart\jerome_zom\tomcat\temp
01-Sep-2026 13:10:19.953 INFO [main] org.apache.catalina.core.AprLifecycleListener.lifecycleEvent Loaded Apache Tomcat Native library [1.3.8] using APR version [1.7.6].
01-Sep-2026 13:10:19.954 INFO [main] org.apache.catalina.core.AprLifecycleListener.lifecycleEvent APR capabilities: IPv6 [true], sendfile [true], accept filters [false], random [true], UDS [{4}].
01-Sep-2026 13:10:19.954 INFO [main] org.apache.catalina.core.AprLifecycleListener.lifecycleEvent APR/OpenSSL configuration: useAprConnector [false], useOpenSSL [true]
01-Sep-2026 13:10:19.962 INFO [main] org.apache.catalina.core.AprLifecycleListener.initializeSSL OpenSSL successfully initialized [OpenSSL 3.0.21 9 Jun 2026]
01-Sep-2026 13:10:20.024 INFO [main] org.apache.coyote.AbstractProtocol.init Initializing ProtocolHandler ["http-nio-8080"]
01-Sep-2026 13:10:20.076 INFO [main] org.apache.catalina.startup.Catalina.load Initialization processed in 842 ms
01-Sep-2026 13:10:20.174 INFO [main] org.apache.catalina.core.StandardService.startInternal Starting service [Catalina]
01-Sep-2026 13:10:20.174 INFO [main] org.apache.catalina.core.StandardEngine.startInternal Starting Servlet engine: [Apache Tomcat/8.5.96]
01-Sep-2026 13:10:20.232 INFO [localhost-startStop-1] org.apache.catalina.startup.HostConfig.deployWAR Deploying web application archive [D:\benedictmart\benedictmart\jerome_zom\tomcat\webapps\benedictjeromemart.war]
01-Sep-2026 13:10:21.223 WARNING [localhost-startStop-1] org.apache.tomcat.util.descriptor.web.WebXml.setVersion Unknown version string [4.0]. Default version will be used.
01-Sep-2026 13:10:22.042 INFO [localhost-startStop-1] org.apache.jasper.servlet.TldScanner.scanJars At least one JAR was scanned for TLDs yet contained no TLDs. Enable debug logging for this logger for a complete list of JARs that were scanned but no TLDs were found in them. Skipping unneeded JARs during scanning can improve startup time and JSP compilation time.
01-Sep-2026 13:10:23.869 INFO [localhost-startStop-1] org.apache.catalina.startup.HostConfig.deployWAR Deployment of web application archive [D:\benedictmart\benedictmart\jerome_zom\tomcat\webapps\benedictjeromemart.war] has finished in [3,635] ms
01-Sep-2026 13:10:23.871 INFO [localhost-startStop-1] org.apache.catalina.startup.HostConfig.deployDirectory Deploying web application directory [D:\benedictmart\benedictmart\jerome_zom\tomcat\webapps\docs]
01-Sep-2026 13:10:23.941 INFO [localhost-startStop-1] org.apache.catalina.startup.HostConfig.deployDirectory Deployment of web application directory [D:\benedictmart\benedictmart\jerome_zom\tomcat\webapps\docs] has finished in [71] ms
01-Sep-2026 13:10:23.943 INFO [localhost-startStop-1] org.apache.catalina.startup.HostConfig.deployDirectory Deploying web application directory [D:\benedictmart\benedictmart\jerome_zom\tomcat\webapps\examples]
01-Sep-2026 13:10:24.903 INFO [localhost-startStop-1] org.apache.catalina.startup.HostConfig.deployDirectory Deployment of web application directory [D:\benedictmart\benedictmart\jerome_zom\tomcat\webapps\examples] has finished in [960] ms
01-Sep-2026 13:10:24.905 INFO [localhost-startStop-1] org.apache.catalina.startup.HostConfig.deployDirectory Deploying web application directory [D:\benedictmart\benedictmart\jerome_zom\tomcat\webapps\host-manager]
01-Sep-2026 13:10:24.976 INFO [localhost-startStop-1] org.apache.catalina.startup.HostConfig.deployDirectory Deployment of web application directory [D:\benedictmart\benedictmart\jerome_zom\tomcat\webapps\host-manager] has finished in [71] ms
01-Sep-2026 13:10:24.979 INFO [localhost-startStop-1] org.apache.catalina.startup.HostConfig.deployDirectory Deploying web application directory [D:\benedictmart\benedictmart\jerome_zom\tomcat\webapps\manager]
01-Sep-2026 13:10:25.059 INFO [localhost-startStop-1] org.apache.catalina.startup.HostConfig.deployDirectory Deployment of web application directory [D:\benedictmart\benedictmart\jerome_zom\tomcat\webapps\manager] has finished in [80] ms
01-Sep-2026 13:10:25.059 INFO [localhost-startStop-1] org.apache.catalina.startup.HostConfig.deployDirectory Deploying web application directory [D:\benedictmart\benedictmart\jerome_zom\tomcat\webapps\ROOT]
01-Sep-2026 13:10:25.108 INFO [localhost-startStop-1] org.apache.catalina.startup.HostConfig.deployDirectory Deployment of web application directory [D:\benedictmart\benedictmart\jerome_zom\tomcat\webapps\ROOT] has finished in [48] ms
01-Sep-2026 13:10:25.114 INFO [main] org.apache.coyote.AbstractProtocol.start Starting ProtocolHandler ["http-nio-8080"]
01-Sep-2026 13:10:25.260 INFO [main] org.apache.catalina.startup.Catalina.start Server startup in 5183 ms
01-Sep-2026 14:21:03.995 SEVERE [main] org.apache.catalina.startup.Catalina.stopServer Could not contact [localhost:8005] (base port [8005] and offset [0]). Tomcat may not be running.
01-Sep-2026 14:21:21.971 INFO [main] org.apache.catalina.startup.VersionLoggerListener.log Server version name:   Apache Tomcat/8.5.96
01-Sep-2026 14:21:21.975 INFO [main] org.apache.catalina.startup.VersionLoggerListener.log Server built:          Nov 10 2023 14:56:59 UTC
01-Sep-2026 14:21:21.975 INFO [main] org.apache.catalina.startup.VersionLoggerListener.log Server version number: 8.5.96.0
01-Sep-2026 14:21:21.975 INFO [main] org.apache.catalina.startup.VersionLoggerListener.log OS Name:               Windows 11
01-Sep-2026 14:21:21.975 INFO [main] org.apache.catalina.startup.VersionLoggerListener.log OS Version:            10.0
01-Sep-2026 14:21:21.975 INFO [main] org.apache.catalina.startup.VersionLoggerListener.log Architecture:          amd64
01-Sep-2026 14:21:21.975 INFO [main] org.apache.catalina.startup.VersionLoggerListener.log Java Home:             C:\Program Files\Eclipse Adoptium\jdk-17.0.20.8-hotspot
01-Sep-2026 14:21:21.975 INFO [main] org.apache.catalina.startup.VersionLoggerListener.log JVM Version:           17.0.20+8
01-Sep-2026 14:21:21.975 INFO [main] org.apache.catalina.startup.VersionLoggerListener.log JVM Vendor:            Eclipse Adoptium
01-Sep-2026 14:21:21.975 INFO [main] org.apache.catalina.startup.VersionLoggerListener.log CATALINA_BASE:         D:\benedictmart\benedictmart\jerome_zom\tomcat
01-Sep-2026 14:21:21.975 INFO [main] org.apache.catalina.startup.VersionLoggerListener.log CATALINA_HOME:         D:\benedictmart\benedictmart\jerome_zom\tomcat
01-Sep-2026 14:21:21.975 INFO [main] org.apache.catalina.startup.VersionLoggerListener.log Command line argument: --add-opens=java.base/java.lang=ALL-UNNAMED
01-Sep-2026 14:21:21.975 INFO [main] org.apache.catalina.startup.VersionLoggerListener.log Command line argument: --add-opens=java.base/java.io=ALL-UNNAMED
01-Sep-2026 14:21:21.975 INFO [main] org.apache.catalina.startup.VersionLoggerListener.log Command line argument: --add-opens=java.base/java.util=ALL-UNNAMED
01-Sep-2026 14:21:21.975 INFO [main] org.apache.catalina.startup.VersionLoggerListener.log Command line argument: --add-opens=java.base/java.util.concurrent=ALL-UNNAMED
01-Sep-2026 14:21:21.975 INFO [main] org.apache.catalina.startup.VersionLoggerListener.log Command line argument: --add-opens=java.rmi/sun.rmi.transport=ALL-UNNAMED
01-Sep-2026 14:21:21.982 INFO [main] org.apache.catalina.startup.VersionLoggerListener.log Command line argument: -Djava.util.logging.config.file=D:\benedictmart\benedictmart\jerome_zom\tomcat\conf\logging.properties
01-Sep-2026 14:21:21.982 INFO [main] org.apache.catalina.startup.VersionLoggerListener.log Command line argument: -Djava.util.logging.manager=org.apache.juli.ClassLoaderLogManager
01-Sep-2026 14:21:21.982 INFO [main] org.apache.catalina.startup.VersionLoggerListener.log Command line argument: -Djdk.tls.ephemeralDHKeySize=2048
01-Sep-2026 14:21:21.982 INFO [main] org.apache.catalina.startup.VersionLoggerListener.log Command line argument: -Djava.protocol.handler.pkgs=org.apache.catalina.webresources
01-Sep-2026 14:21:21.982 INFO [main] org.apache.catalina.startup.VersionLoggerListener.log Command line argument: -Dignore.endorsed.dirs=
01-Sep-2026 14:21:21.982 INFO [main] org.apache.catalina.startup.VersionLoggerListener.log Command line argument: -Dcatalina.base=D:\benedictmart\benedictmart\jerome_zom\tomcat
01-Sep-2026 14:21:21.982 INFO [main] org.apache.catalina.startup.VersionLoggerListener.log Command line argument: -Dcatalina.home=D:\benedictmart\benedictmart\jerome_zom\tomcat
01-Sep-2026 14:21:21.982 INFO [main] org.apache.catalina.startup.VersionLoggerListener.log Command line argument: -Djava.io.tmpdir=D:\benedictmart\benedictmart\jerome_zom\tomcat\temp
01-Sep-2026 14:21:21.984 INFO [main] org.apache.catalina.core.AprLifecycleListener.lifecycleEvent Loaded Apache Tomcat Native library [1.3.8] using APR version [1.7.6].
01-Sep-2026 14:21:21.984 INFO [main] org.apache.catalina.core.AprLifecycleListener.lifecycleEvent APR capabilities: IPv6 [true], sendfile [true], accept filters [false], random [true], UDS [{4}].
01-Sep-2026 14:21:21.984 INFO [main] org.apache.catalina.core.AprLifecycleListener.lifecycleEvent APR/OpenSSL configuration: useAprConnector [false], useOpenSSL [true]
01-Sep-2026 14:21:21.989 INFO [main] org.apache.catalina.core.AprLifecycleListener.initializeSSL OpenSSL successfully initialized [OpenSSL 3.0.21 9 Jun 2026]
01-Sep-2026 14:21:22.054 INFO [main] org.apache.coyote.AbstractProtocol.init Initializing ProtocolHandler ["http-nio-8080"]
01-Sep-2026 14:21:22.112 INFO [main] org.apache.catalina.startup.Catalina.load Initialization processed in 705 ms
01-Sep-2026 14:21:22.199 INFO [main] org.apache.catalina.core.StandardService.startInternal Starting service [Catalina]
01-Sep-2026 14:21:22.202 INFO [main] org.apache.catalina.core.StandardEngine.startInternal Starting Servlet engine: [Apache Tomcat/8.5.96]
01-Sep-2026 14:21:22.247 INFO [localhost-startStop-1] org.apache.catalina.startup.HostConfig.deployWAR Deploying web application archive [D:\benedictmart\benedictmart\jerome_zom\tomcat\webapps\benedictjeromemart.war]
01-Sep-2026 14:21:23.131 WARNING [localhost-startStop-1] org.apache.tomcat.util.descriptor.web.WebXml.setVersion Unknown version string [4.0]. Default version will be used.
01-Sep-2026 14:21:23.882 INFO [localhost-startStop-1] org.apache.jasper.servlet.TldScanner.scanJars At least one JAR was scanned for TLDs yet contained no TLDs. Enable debug logging for this logger for a complete list of JARs that were scanned but no TLDs were found in them. Skipping unneeded JARs during scanning can improve startup time and JSP compilation time.
01-Sep-2026 14:21:29.283 INFO [localhost-startStop-1] org.apache.catalina.startup.HostConfig.deployWAR Deployment of web application archive [D:\benedictmart\benedictmart\jerome_zom\tomcat\webapps\benedictjeromemart.war] has finished in [7,020] ms
01-Sep-2026 14:21:29.283 INFO [localhost-startStop-1] org.apache.catalina.startup.HostConfig.deployDirectory Deploying web application directory [D:\benedictmart\benedictmart\jerome_zom\tomcat\webapps\docs]
01-Sep-2026 14:21:29.359 INFO [localhost-startStop-1] org.apache.catalina.startup.HostConfig.deployDirectory Deployment of web application directory [D:\benedictmart\benedictmart\jerome_zom\tomcat\webapps\docs] has finished in [76] ms
01-Sep-2026 14:21:29.359 INFO [localhost-startStop-1] org.apache.catalina.startup.HostConfig.deployDirectory Deploying web application directory [D:\benedictmart\benedictmart\jerome_zom\tomcat\webapps\examples]
01-Sep-2026 14:21:30.546 INFO [localhost-startStop-1] org.apache.catalina.startup.HostConfig.deployDirectory Deployment of web application directory [D:\benedictmart\benedictmart\jerome_zom\tomcat\webapps\examples] has finished in [1,187] ms
01-Sep-2026 14:21:30.546 INFO [localhost-startStop-1] org.apache.catalina.startup.HostConfig.deployDirectory Deploying web application directory [D:\benedictmart\benedictmart\jerome_zom\tomcat\webapps\host-manager]
01-Sep-2026 14:21:30.626 INFO [localhost-startStop-1] org.apache.catalina.startup.HostConfig.deployDirectory Deployment of web application directory [D:\benedictmart\benedictmart\jerome_zom\tomcat\webapps\host-manager] has finished in [80] ms
01-Sep-2026 14:21:30.626 INFO [localhost-startStop-1] org.apache.catalina.startup.HostConfig.deployDirectory Deploying web application directory [D:\benedictmart\benedictmart\jerome_zom\tomcat\webapps\manager]
01-Sep-2026 14:21:30.716 INFO [localhost-startStop-1] org.apache.catalina.startup.HostConfig.deployDirectory Deployment of web application directory [D:\benedictmart\benedictmart\jerome_zom\tomcat\webapps\manager] has finished in [90] ms
01-Sep-2026 14:21:30.716 INFO [localhost-startStop-1] org.apache.catalina.startup.HostConfig.deployDirectory Deploying web application directory [D:\benedictmart\benedictmart\jerome_zom\tomcat\webapps\ROOT]
01-Sep-2026 14:21:30.769 INFO [localhost-startStop-1] org.apache.catalina.startup.HostConfig.deployDirectory Deployment of web application directory [D:\benedictmart\benedictmart\jerome_zom\tomcat\webapps\ROOT] has finished in [53] ms
01-Sep-2026 14:21:30.769 INFO [main] org.apache.coyote.AbstractProtocol.start Starting ProtocolHandler ["http-nio-8080"]
01-Sep-2026 14:21:30.916 INFO [main] org.apache.catalina.startup.Catalina.start Server startup in 8807 ms
01-Sep-2026 14:35:11.376 INFO [main] org.apache.catalina.core.StandardServer.await A valid shutdown command was received via the shutdown port. Stopping the Server instance.
01-Sep-2026 14:35:11.376 INFO [main] org.apache.coyote.AbstractProtocol.pause Pausing ProtocolHandler ["http-nio-8080"]
01-Sep-2026 14:35:11.401 INFO [main] org.apache.catalina.core.StandardService.stopInternal Stopping service [Catalina]
01-Sep-2026 14:35:11.702 WARNING [localhost-startStop-2] org.apache.catalina.loader.WebappClassLoaderBase.clearReferencesJdbc The web application [benedictjeromemart] registered the JDBC driver [org.h2.Driver] but failed to unregister it when the web application was stopped. To prevent a memory leak, the JDBC Driver has been forcibly unregistered.
01-Sep-2026 14:35:11.718 INFO [main] org.apache.coyote.AbstractProtocol.stop Stopping ProtocolHandler ["http-nio-8080"]
01-Sep-2026 14:35:11.739 INFO [main] org.apache.coyote.AbstractProtocol.destroy Destroying ProtocolHandler ["http-nio-8080"]
01-Sep-2026 14:35:30.510 INFO [main] org.apache.catalina.startup.VersionLoggerListener.log Server version name:   Apache Tomcat/8.5.96
01-Sep-2026 14:35:30.517 INFO [main] org.apache.catalina.startup.VersionLoggerListener.log Server built:          Nov 10 2023 14:56:59 UTC
01-Sep-2026 14:35:30.517 INFO [main] org.apache.catalina.startup.VersionLoggerListener.log Server version number: 8.5.96.0
01-Sep-2026 14:35:30.517 INFO [main] org.apache.catalina.startup.VersionLoggerListener.log OS Name:               Windows 11
01-Sep-2026 14:35:30.519 INFO [main] org.apache.catalina.startup.VersionLoggerListener.log OS Version:            10.0
01-Sep-2026 14:35:30.519 INFO [main] org.apache.catalina.startup.VersionLoggerListener.log Architecture:          amd64
01-Sep-2026 14:35:30.519 INFO [main] org.apache.catalina.startup.VersionLoggerListener.log Java Home:             C:\Program Files\Eclipse Adoptium\jdk-17.0.20.8-hotspot
01-Sep-2026 14:35:30.521 INFO [main] org.apache.catalina.startup.VersionLoggerListener.log JVM Version:           17.0.20+8
01-Sep-2026 14:35:30.521 INFO [main] org.apache.catalina.startup.VersionLoggerListener.log JVM Vendor:            Eclipse Adoptium
01-Sep-2026 14:35:30.521 INFO [main] org.apache.catalina.startup.VersionLoggerListener.log CATALINA_BASE:         D:\benedictmart\benedictmart\jerome_zom\tomcat
01-Sep-2026 14:35:30.521 INFO [main] org.apache.catalina.startup.VersionLoggerListener.log CATALINA_HOME:         D:\benedictmart\benedictmart\jerome_zom\tomcat
01-Sep-2026 14:35:30.524 INFO [main] org.apache.catalina.startup.VersionLoggerListener.log Command line argument: --add-opens=java.base/java.lang=ALL-UNNAMED
01-Sep-2026 14:35:30.525 INFO [main] org.apache.catalina.startup.VersionLoggerListener.log Command line argument: --add-opens=java.base/java.io=ALL-UNNAMED
01-Sep-2026 14:35:30.527 INFO [main] org.apache.catalina.startup.VersionLoggerListener.log Command line argument: --add-opens=java.base/java.util=ALL-UNNAMED
01-Sep-2026 14:35:30.528 INFO [main] org.apache.catalina.startup.VersionLoggerListener.log Command line argument: --add-opens=java.base/java.util.concurrent=ALL-UNNAMED
01-Sep-2026 14:35:30.528 INFO [main] org.apache.catalina.startup.VersionLoggerListener.log Command line argument: --add-opens=java.rmi/sun.rmi.transport=ALL-UNNAMED
01-Sep-2026 14:35:30.528 INFO [main] org.apache.catalina.startup.VersionLoggerListener.log Command line argument: -Djava.util.logging.config.file=D:\benedictmart\benedictmart\jerome_zom\tomcat\conf\logging.properties
01-Sep-2026 14:35:30.530 INFO [main] org.apache.catalina.startup.VersionLoggerListener.log Command line argument: -Djava.util.logging.manager=org.apache.juli.ClassLoaderLogManager
01-Sep-2026 14:35:30.530 INFO [main] org.apache.catalina.startup.VersionLoggerListener.log Command line argument: -Djdk.tls.ephemeralDHKeySize=2048
01-Sep-2026 14:35:30.530 INFO [main] org.apache.catalina.startup.VersionLoggerListener.log Command line argument: -Djava.protocol.handler.pkgs=org.apache.catalina.webresources
01-Sep-2026 14:35:30.530 INFO [main] org.apache.catalina.startup.VersionLoggerListener.log Command line argument: -Dignore.endorsed.dirs=
01-Sep-2026 14:35:30.530 INFO [main] org.apache.catalina.startup.VersionLoggerListener.log Command line argument: -Dcatalina.base=D:\benedictmart\benedictmart\jerome_zom\tomcat
01-Sep-2026 14:35:30.530 INFO [main] org.apache.catalina.startup.VersionLoggerListener.log Command line argument: -Dcatalina.home=D:\benedictmart\benedictmart\jerome_zom\tomcat
01-Sep-2026 14:35:30.530 INFO [main] org.apache.catalina.startup.VersionLoggerListener.log Command line argument: -Djava.io.tmpdir=D:\benedictmart\benedictmart\jerome_zom\tomcat\temp
01-Sep-2026 14:35:30.530 INFO [main] org.apache.catalina.core.AprLifecycleListener.lifecycleEvent Loaded Apache Tomcat Native library [1.3.8] using APR version [1.7.6].
01-Sep-2026 14:35:30.530 INFO [main] org.apache.catalina.core.AprLifecycleListener.lifecycleEvent APR capabilities: IPv6 [true], sendfile [true], accept filters [false], random [true], UDS [{4}].
01-Sep-2026 14:35:30.532 INFO [main] org.apache.catalina.core.AprLifecycleListener.lifecycleEvent APR/OpenSSL configuration: useAprConnector [false], useOpenSSL [true]
01-Sep-2026 14:35:30.540 INFO [main] org.apache.catalina.core.AprLifecycleListener.initializeSSL OpenSSL successfully initialized [OpenSSL 3.0.21 9 Jun 2026]
01-Sep-2026 14:35:30.613 INFO [main] org.apache.coyote.AbstractProtocol.init Initializing ProtocolHandler ["http-nio-8080"]
01-Sep-2026 14:35:30.659 INFO [main] org.apache.catalina.startup.Catalina.load Initialization processed in 791 ms
01-Sep-2026 14:35:30.749 INFO [main] org.apache.catalina.core.StandardService.startInternal Starting service [Catalina]
01-Sep-2026 14:35:30.749 INFO [main] org.apache.catalina.core.StandardEngine.startInternal Starting Servlet engine: [Apache Tomcat/8.5.96]
01-Sep-2026 14:35:30.802 INFO [localhost-startStop-1] org.apache.catalina.startup.HostConfig.deployWAR Deploying web application archive [D:\benedictmart\benedictmart\jerome_zom\tomcat\webapps\benedictjeromemart.war]
01-Sep-2026 14:35:31.636 WARNING [localhost-startStop-1] org.apache.tomcat.util.descriptor.web.WebXml.setVersion Unknown version string [4.0]. Default version will be used.
01-Sep-2026 14:35:32.235 INFO [localhost-startStop-1] org.apache.jasper.servlet.TldScanner.scanJars At least one JAR was scanned for TLDs yet contained no TLDs. Enable debug logging for this logger for a complete list of JARs that were scanned but no TLDs were found in them. Skipping unneeded JARs during scanning can improve startup time and JSP compilation time.
01-Sep-2026 14:35:33.181 INFO [localhost-startStop-1] org.apache.catalina.startup.HostConfig.deployWAR Deployment of web application archive [D:\benedictmart\benedictmart\jerome_zom\tomcat\webapps\benedictjeromemart.war] has finished in [2,377] ms
01-Sep-2026 14:35:33.181 INFO [localhost-startStop-1] org.apache.catalina.startup.HostConfig.deployDirectory Deploying web application directory [D:\benedictmart\benedictmart\jerome_zom\tomcat\webapps\docs]
01-Sep-2026 14:35:33.234 INFO [localhost-startStop-1] org.apache.catalina.startup.HostConfig.deployDirectory Deployment of web application directory [D:\benedictmart\benedictmart\jerome_zom\tomcat\webapps\docs] has finished in [53] ms
01-Sep-2026 14:35:33.236 INFO [localhost-startStop-1] org.apache.catalina.startup.HostConfig.deployDirectory Deploying web application directory [D:\benedictmart\benedictmart\jerome_zom\tomcat\webapps\examples]
01-Sep-2026 14:35:33.629 INFO [localhost-startStop-1] org.apache.catalina.startup.HostConfig.deployDirectory Deployment of web application directory [D:\benedictmart\benedictmart\jerome_zom\tomcat\webapps\examples] has finished in [393] ms
01-Sep-2026 14:35:33.631 INFO [localhost-startStop-1] org.apache.catalina.startup.HostConfig.deployDirectory Deploying web application directory [D:\benedictmart\benedictmart\jerome_zom\tomcat\webapps\host-manager]
01-Sep-2026 14:35:33.688 INFO [localhost-startStop-1] org.apache.catalina.startup.HostConfig.deployDirectory Deployment of web application directory [D:\benedictmart\benedictmart\jerome_zom\tomcat\webapps\host-manager] has finished in [57] ms
01-Sep-2026 14:35:33.688 INFO [localhost-startStop-1] org.apache.catalina.startup.HostConfig.deployDirectory Deploying web application directory [D:\benedictmart\benedictmart\jerome_zom\tomcat\webapps\manager]
01-Sep-2026 14:35:33.746 INFO [localhost-startStop-1] org.apache.catalina.startup.HostConfig.deployDirectory Deployment of web application directory [D:\benedictmart\benedictmart\jerome_zom\tomcat\webapps\manager] has finished in [58] ms
01-Sep-2026 14:35:33.746 INFO [localhost-startStop-1] org.apache.catalina.startup.HostConfig.deployDirectory Deploying web application directory [D:\benedictmart\benedictmart\jerome_zom\tomcat\webapps\ROOT]
01-Sep-2026 14:35:33.791 INFO [localhost-startStop-1] org.apache.catalina.startup.HostConfig.deployDirectory Deployment of web application directory [D:\benedictmart\benedictmart\jerome_zom\tomcat\webapps\ROOT] has finished in [45] ms
01-Sep-2026 14:35:33.800 INFO [main] org.apache.coyote.AbstractProtocol.start Starting ProtocolHandler ["http-nio-8080"]
01-Sep-2026 14:35:33.871 INFO [main] org.apache.catalina.startup.Catalina.start Server startup in 3211 ms
01-Sep-2026 14:48:51.832 INFO [main] org.apache.catalina.core.StandardServer.await A valid shutdown command was received via the shutdown port. Stopping the Server instance.
01-Sep-2026 14:48:51.835 INFO [main] org.apache.coyote.AbstractProtocol.pause Pausing ProtocolHandler ["http-nio-8080"]
01-Sep-2026 14:48:51.854 INFO [main] org.apache.catalina.core.StandardService.stopInternal Stopping service [Catalina]
01-Sep-2026 14:48:52.130 WARNING [localhost-startStop-2] org.apache.catalina.loader.WebappClassLoaderBase.clearReferencesJdbc The web application [benedictjeromemart] registered the JDBC driver [org.h2.Driver] but failed to unregister it when the web application was stopped. To prevent a memory leak, the JDBC Driver has been forcibly unregistered.
01-Sep-2026 14:48:52.141 INFO [main] org.apache.coyote.AbstractProtocol.stop Stopping ProtocolHandler ["http-nio-8080"]
01-Sep-2026 14:48:52.171 INFO [main] org.apache.coyote.AbstractProtocol.destroy Destroying ProtocolHandler ["http-nio-8080"]
01-Sep-2026 14:49:05.170 INFO [main] org.apache.catalina.startup.VersionLoggerListener.log Server version name:   Apache Tomcat/8.5.96
01-Sep-2026 14:49:05.181 INFO [main] org.apache.catalina.startup.VersionLoggerListener.log Server built:          Nov 10 2023 14:56:59 UTC
01-Sep-2026 14:49:05.183 INFO [main] org.apache.catalina.startup.VersionLoggerListener.log Server version number: 8.5.96.0
01-Sep-2026 14:49:05.183 INFO [main] org.apache.catalina.startup.VersionLoggerListener.log OS Name:               Windows 11
01-Sep-2026 14:49:05.183 INFO [main] org.apache.catalina.startup.VersionLoggerListener.log OS Version:            10.0
01-Sep-2026 14:49:05.183 INFO [main] org.apache.catalina.startup.VersionLoggerListener.log Architecture:          amd64
01-Sep-2026 14:49:05.184 INFO [main] org.apache.catalina.startup.VersionLoggerListener.log Java Home:             C:\Program Files\Eclipse Adoptium\jdk-17.0.20.8-hotspot
01-Sep-2026 14:49:05.184 INFO [main] org.apache.catalina.startup.VersionLoggerListener.log JVM Version:           17.0.20+8
01-Sep-2026 14:49:05.184 INFO [main] org.apache.catalina.startup.VersionLoggerListener.log JVM Vendor:            Eclipse Adoptium
01-Sep-2026 14:49:05.184 INFO [main] org.apache.catalina.startup.VersionLoggerListener.log CATALINA_BASE:         D:\benedictmart\benedictmart\jerome_zom\tomcat
01-Sep-2026 14:49:05.184 INFO [main] org.apache.catalina.startup.VersionLoggerListener.log CATALINA_HOME:         D:\benedictmart\benedictmart\jerome_zom\tomcat
01-Sep-2026 14:49:05.184 INFO [main] org.apache.catalina.startup.VersionLoggerListener.log Command line argument: --add-opens=java.base/java.lang=ALL-UNNAMED
01-Sep-2026 14:49:05.184 INFO [main] org.apache.catalina.startup.VersionLoggerListener.log Command line argument: --add-opens=java.base/java.io=ALL-UNNAMED
01-Sep-2026 14:49:05.184 INFO [main] org.apache.catalina.startup.VersionLoggerListener.log Command line argument: --add-opens=java.base/java.util=ALL-UNNAMED
01-Sep-2026 14:49:05.191 INFO [main] org.apache.catalina.startup.VersionLoggerListener.log Command line argument: --add-opens=java.base/java.util.concurrent=ALL-UNNAMED
01-Sep-2026 14:49:05.191 INFO [main] org.apache.catalina.startup.VersionLoggerListener.log Command line argument: --add-opens=java.rmi/sun.rmi.transport=ALL-UNNAMED
01-Sep-2026 14:49:05.191 INFO [main] org.apache.catalina.startup.VersionLoggerListener.log Command line argument: -Djava.util.logging.config.file=D:\benedictmart\benedictmart\jerome_zom\tomcat\conf\logging.properties
01-Sep-2026 14:49:05.191 INFO [main] org.apache.catalina.startup.VersionLoggerListener.log Command line argument: -Djava.util.logging.manager=org.apache.juli.ClassLoaderLogManager
01-Sep-2026 14:49:05.191 INFO [main] org.apache.catalina.startup.VersionLoggerListener.log Command line argument: -Djdk.tls.ephemeralDHKeySize=2048
01-Sep-2026 14:49:05.191 INFO [main] org.apache.catalina.startup.VersionLoggerListener.log Command line argument: -Djava.protocol.handler.pkgs=org.apache.catalina.webresources
01-Sep-2026 14:49:05.191 INFO [main] org.apache.catalina.startup.VersionLoggerListener.log Command line argument: -Dignore.endorsed.dirs=
01-Sep-2026 14:49:05.191 INFO [main] org.apache.catalina.startup.VersionLoggerListener.log Command line argument: -Dcatalina.base=D:\benedictmart\benedictmart\jerome_zom\tomcat
01-Sep-2026 14:49:05.191 INFO [main] org.apache.catalina.startup.VersionLoggerListener.log Command line argument: -Dcatalina.home=D:\benedictmart\benedictmart\jerome_zom\tomcat
01-Sep-2026 14:49:05.191 INFO [main] org.apache.catalina.startup.VersionLoggerListener.log Command line argument: -Djava.io.tmpdir=D:\benedictmart\benedictmart\jerome_zom\tomcat\temp
01-Sep-2026 14:49:05.191 INFO [main] org.apache.catalina.core.AprLifecycleListener.lifecycleEvent Loaded Apache Tomcat Native library [1.3.8] using APR version [1.7.6].
01-Sep-2026 14:49:05.191 INFO [main] org.apache.catalina.core.AprLifecycleListener.lifecycleEvent APR capabilities: IPv6 [true], sendfile [true], accept filters [false], random [true], UDS [{4}].
01-Sep-2026 14:49:05.191 INFO [main] org.apache.catalina.core.AprLifecycleListener.lifecycleEvent APR/OpenSSL configuration: useAprConnector [false], useOpenSSL [true]
01-Sep-2026 14:49:05.201 INFO [main] org.apache.catalina.core.AprLifecycleListener.initializeSSL OpenSSL successfully initialized [OpenSSL 3.0.21 9 Jun 2026]
01-Sep-2026 14:49:05.259 INFO [main] org.apache.coyote.AbstractProtocol.init Initializing ProtocolHandler ["http-nio-8080"]
01-Sep-2026 14:49:05.307 INFO [main] org.apache.catalina.startup.Catalina.load Initialization processed in 747 ms
01-Sep-2026 14:49:05.390 INFO [main] org.apache.catalina.core.StandardService.startInternal Starting service [Catalina]
01-Sep-2026 14:49:05.390 INFO [main] org.apache.catalina.core.StandardEngine.startInternal Starting Servlet engine: [Apache Tomcat/8.5.96]
01-Sep-2026 14:49:05.436 INFO [localhost-startStop-1] org.apache.catalina.startup.HostConfig.deployWAR Deploying web application archive [D:\benedictmart\benedictmart\jerome_zom\tomcat\webapps\benedictjeromemart.war]
01-Sep-2026 14:49:06.250 WARNING [localhost-startStop-1] org.apache.tomcat.util.descriptor.web.WebXml.setVersion Unknown version string [4.0]. Default version will be used.
01-Sep-2026 14:49:06.992 INFO [localhost-startStop-1] org.apache.jasper.servlet.TldScanner.scanJars At least one JAR was scanned for TLDs yet contained no TLDs. Enable debug logging for this logger for a complete list of JARs that were scanned but no TLDs were found in them. Skipping unneeded JARs during scanning can improve startup time and JSP compilation time.
01-Sep-2026 14:49:07.839 INFO [localhost-startStop-1] org.apache.catalina.startup.HostConfig.deployWAR Deployment of web application archive [D:\benedictmart\benedictmart\jerome_zom\tomcat\webapps\benedictjeromemart.war] has finished in [2,401] ms
01-Sep-2026 14:49:07.841 INFO [localhost-startStop-1] org.apache.catalina.startup.HostConfig.deployDirectory Deploying web application directory [D:\benedictmart\benedictmart\jerome_zom\tomcat\webapps\docs]
01-Sep-2026 14:49:07.879 INFO [localhost-startStop-1] org.apache.catalina.startup.HostConfig.deployDirectory Deployment of web application directory [D:\benedictmart\benedictmart\jerome_zom\tomcat\webapps\docs] has finished in [38] ms
01-Sep-2026 14:49:07.879 INFO [localhost-startStop-1] org.apache.catalina.startup.HostConfig.deployDirectory Deploying web application directory [D:\benedictmart\benedictmart\jerome_zom\tomcat\webapps\examples]
01-Sep-2026 14:49:08.373 INFO [localhost-startStop-1] org.apache.catalina.startup.HostConfig.deployDirectory Deployment of web application directory [D:\benedictmart\benedictmart\jerome_zom\tomcat\webapps\examples] has finished in [494] ms
01-Sep-2026 14:49:08.373 INFO [localhost-startStop-1] org.apache.catalina.startup.HostConfig.deployDirectory Deploying web application directory [D:\benedictmart\benedictmart\jerome_zom\tomcat\webapps\host-manager]
01-Sep-2026 14:49:08.428 INFO [localhost-startStop-1] org.apache.catalina.startup.HostConfig.deployDirectory Deployment of web application directory [D:\benedictmart\benedictmart\jerome_zom\tomcat\webapps\host-manager] has finished in [53] ms
01-Sep-2026 14:49:08.428 INFO [localhost-startStop-1] org.apache.catalina.startup.HostConfig.deployDirectory Deploying web application directory [D:\benedictmart\benedictmart\jerome_zom\tomcat\webapps\manager]
01-Sep-2026 14:49:08.476 INFO [localhost-startStop-1] org.apache.catalina.startup.HostConfig.deployDirectory Deployment of web application directory [D:\benedictmart\benedictmart\jerome_zom\tomcat\webapps\manager] has finished in [48] ms
01-Sep-2026 14:49:08.476 INFO [localhost-startStop-1] org.apache.catalina.startup.HostConfig.deployDirectory Deploying web application directory [D:\benedictmart\benedictmart\jerome_zom\tomcat\webapps\ROOT]
01-Sep-2026 14:49:08.523 INFO [localhost-startStop-1] org.apache.catalina.startup.HostConfig.deployDirectory Deployment of web application directory [D:\benedictmart\benedictmart\jerome_zom\tomcat\webapps\ROOT] has finished in [47] ms
01-Sep-2026 14:49:08.530 INFO [main] org.apache.coyote.AbstractProtocol.start Starting ProtocolHandler ["http-nio-8080"]
01-Sep-2026 14:49:08.612 INFO [main] org.apache.catalina.startup.Catalina.start Server startup in 3304 ms
01-Sep-2026 19:30:46.069 SEVERE [main] org.apache.catalina.startup.Catalina.stopServer Could not contact [localhost:8005] (base port [8005] and offset [0]). Tomcat may not be running.
01-Sep-2026 19:31:01.155 INFO [main] org.apache.catalina.startup.VersionLoggerListener.log Server version name:   Apache Tomcat/8.5.96
01-Sep-2026 19:31:01.158 INFO [main] org.apache.catalina.startup.VersionLoggerListener.log Server built:          Nov 10 2023 14:56:59 UTC
01-Sep-2026 19:31:01.158 INFO [main] org.apache.catalina.startup.VersionLoggerListener.log Server version number: 8.5.96.0
01-Sep-2026 19:31:01.158 INFO [main] org.apache.catalina.startup.VersionLoggerListener.log OS Name:               Windows 11
01-Sep-2026 19:31:01.158 INFO [main] org.apache.catalina.startup.VersionLoggerListener.log OS Version:            10.0
01-Sep-2026 19:31:01.158 INFO [main] org.apache.catalina.startup.VersionLoggerListener.log Architecture:          amd64
01-Sep-2026 19:31:01.161 INFO [main] org.apache.catalina.startup.VersionLoggerListener.log Java Home:             C:\Program Files\Eclipse Adoptium\jdk-17.0.20.8-hotspot
01-Sep-2026 19:31:01.161 INFO [main] org.apache.catalina.startup.VersionLoggerListener.log JVM Version:           17.0.20+8
01-Sep-2026 19:31:01.161 INFO [main] org.apache.catalina.startup.VersionLoggerListener.log JVM Vendor:            Eclipse Adoptium
01-Sep-2026 19:31:01.161 INFO [main] org.apache.catalina.startup.VersionLoggerListener.log CATALINA_BASE:         D:\benedictmart\benedictmart\jerome_zom\tomcat
01-Sep-2026 19:31:01.161 INFO [main] org.apache.catalina.startup.VersionLoggerListener.log CATALINA_HOME:         D:\benedictmart\benedictmart\jerome_zom\tomcat
01-Sep-2026 19:31:01.164 INFO [main] org.apache.catalina.startup.VersionLoggerListener.log Command line argument: --add-opens=java.base/java.lang=ALL-UNNAMED
01-Sep-2026 19:31:01.164 INFO [main] org.apache.catalina.startup.VersionLoggerListener.log Command line argument: --add-opens=java.base/java.io=ALL-UNNAMED
01-Sep-2026 19:31:01.164 INFO [main] org.apache.catalina.startup.VersionLoggerListener.log Command line argument: --add-opens=java.base/java.util=ALL-UNNAMED
01-Sep-2026 19:31:01.164 INFO [main] org.apache.catalina.startup.VersionLoggerListener.log Command line argument: --add-opens=java.base/java.util.concurrent=ALL-UNNAMED
01-Sep-2026 19:31:01.165 INFO [main] org.apache.catalina.startup.VersionLoggerListener.log Command line argument: --add-opens=java.rmi/sun.rmi.transport=ALL-UNNAMED
01-Sep-2026 19:31:01.165 INFO [main] org.apache.catalina.startup.VersionLoggerListener.log Command line argument: -Djava.util.logging.config.file=D:\benedictmart\benedictmart\jerome_zom\tomcat\conf\logging.properties
01-Sep-2026 19:31:01.165 INFO [main] org.apache.catalina.startup.VersionLoggerListener.log Command line argument: -Djava.util.logging.manager=org.apache.juli.ClassLoaderLogManager
01-Sep-2026 19:31:01.165 INFO [main] org.apache.catalina.startup.VersionLoggerListener.log Command line argument: -Djdk.tls.ephemeralDHKeySize=2048
01-Sep-2026 19:31:01.165 INFO [main] org.apache.catalina.startup.VersionLoggerListener.log Command line argument: -Djava.protocol.handler.pkgs=org.apache.catalina.webresources
01-Sep-2026 19:31:01.165 INFO [main] org.apache.catalina.startup.VersionLoggerListener.log Command line argument: -Dignore.endorsed.dirs=
01-Sep-2026 19:31:01.165 INFO [main] org.apache.catalina.startup.VersionLoggerListener.log Command line argument: -Dcatalina.base=D:\benedictmart\benedictmart\jerome_zom\tomcat
01-Sep-2026 19:31:01.165 INFO [main] org.apache.catalina.startup.VersionLoggerListener.log Command line argument: -Dcatalina.home=D:\benedictmart\benedictmart\jerome_zom\tomcat
01-Sep-2026 19:31:01.165 INFO [main] org.apache.catalina.startup.VersionLoggerListener.log Command line argument: -Djava.io.tmpdir=D:\benedictmart\benedictmart\jerome_zom\tomcat\temp
01-Sep-2026 19:31:01.165 INFO [main] org.apache.catalina.core.AprLifecycleListener.lifecycleEvent Loaded Apache Tomcat Native library [1.3.8] using APR version [1.7.6].
01-Sep-2026 19:31:01.165 INFO [main] org.apache.catalina.core.AprLifecycleListener.lifecycleEvent APR capabilities: IPv6 [true], sendfile [true], accept filters [false], random [true], UDS [{4}].
01-Sep-2026 19:31:01.165 INFO [main] org.apache.catalina.core.AprLifecycleListener.lifecycleEvent APR/OpenSSL configuration: useAprConnector [false], useOpenSSL [true]
01-Sep-2026 19:31:01.198 INFO [main] org.apache.catalina.core.AprLifecycleListener.initializeSSL OpenSSL successfully initialized [OpenSSL 3.0.21 9 Jun 2026]
01-Sep-2026 19:31:01.246 INFO [main] org.apache.coyote.AbstractProtocol.init Initializing ProtocolHandler ["http-nio-8080"]
01-Sep-2026 19:31:01.301 INFO [main] org.apache.catalina.startup.Catalina.load Initialization processed in 669 ms
01-Sep-2026 19:31:01.391 INFO [main] org.apache.catalina.core.StandardService.startInternal Starting service [Catalina]
01-Sep-2026 19:31:01.391 INFO [main] org.apache.catalina.core.StandardEngine.startInternal Starting Servlet engine: [Apache Tomcat/8.5.96]
01-Sep-2026 19:31:01.431 INFO [localhost-startStop-1] org.apache.catalina.startup.HostConfig.deployWAR Deploying web application archive [D:\benedictmart\benedictmart\jerome_zom\tomcat\webapps\benedictjeromemart.war]
01-Sep-2026 19:31:02.309 WARNING [localhost-startStop-1] org.apache.tomcat.util.descriptor.web.WebXml.setVersion Unknown version string [4.0]. Default version will be used.
01-Sep-2026 19:31:03.118 INFO [localhost-startStop-1] org.apache.jasper.servlet.TldScanner.scanJars At least one JAR was scanned for TLDs yet contained no TLDs. Enable debug logging for this logger for a complete list of JARs that were scanned but no TLDs were found in them. Skipping unneeded JARs during scanning can improve startup time and JSP compilation time.
01-Sep-2026 19:31:08.285 INFO [localhost-startStop-1] org.apache.catalina.startup.HostConfig.deployWAR Deployment of web application archive [D:\benedictmart\benedictmart\jerome_zom\tomcat\webapps\benedictjeromemart.war] has finished in [6,852] ms
01-Sep-2026 19:31:08.297 INFO [localhost-startStop-1] org.apache.catalina.startup.HostConfig.deployDirectory Deploying web application directory [D:\benedictmart\benedictmart\jerome_zom\tomcat\webapps\docs]
01-Sep-2026 19:31:08.348 INFO [localhost-startStop-1] org.apache.catalina.startup.HostConfig.deployDirectory Deployment of web application directory [D:\benedictmart\benedictmart\jerome_zom\tomcat\webapps\docs] has finished in [51] ms
01-Sep-2026 19:31:08.348 INFO [localhost-startStop-1] org.apache.catalina.startup.HostConfig.deployDirectory Deploying web application directory [D:\benedictmart\benedictmart\jerome_zom\tomcat\webapps\examples]
01-Sep-2026 19:31:09.428 INFO [localhost-startStop-1] org.apache.catalina.startup.HostConfig.deployDirectory Deployment of web application directory [D:\benedictmart\benedictmart\jerome_zom\tomcat\webapps\examples] has finished in [1,080] ms
01-Sep-2026 19:31:09.439 INFO [localhost-startStop-1] org.apache.catalina.startup.HostConfig.deployDirectory Deploying web application directory [D:\benedictmart\benedictmart\jerome_zom\tomcat\webapps\host-manager]
01-Sep-2026 19:31:09.517 INFO [localhost-startStop-1] org.apache.catalina.startup.HostConfig.deployDirectory Deployment of web application directory [D:\benedictmart\benedictmart\jerome_zom\tomcat\webapps\host-manager] has finished in [78] ms
01-Sep-2026 19:31:09.518 INFO [localhost-startStop-1] org.apache.catalina.startup.HostConfig.deployDirectory Deploying web application directory [D:\benedictmart\benedictmart\jerome_zom\tomcat\webapps\manager]
01-Sep-2026 19:31:09.592 INFO [localhost-startStop-1] org.apache.catalina.startup.HostConfig.deployDirectory Deployment of web application directory [D:\benedictmart\benedictmart\jerome_zom\tomcat\webapps\manager] has finished in [74] ms
01-Sep-2026 19:31:09.593 INFO [localhost-startStop-1] org.apache.catalina.startup.HostConfig.deployDirectory Deploying web application directory [D:\benedictmart\benedictmart\jerome_zom\tomcat\webapps\ROOT]
01-Sep-2026 19:31:09.642 INFO [localhost-startStop-1] org.apache.catalina.startup.HostConfig.deployDirectory Deployment of web application directory [D:\benedictmart\benedictmart\jerome_zom\tomcat\webapps\ROOT] has finished in [48] ms
01-Sep-2026 19:31:09.648 INFO [main] org.apache.coyote.AbstractProtocol.start Starting ProtocolHandler ["http-nio-8080"]
01-Sep-2026 19:31:09.768 INFO [main] org.apache.catalina.startup.Catalina.start Server startup in 8466 ms
01-Sep-2026 19:40:30.666 INFO [main] org.apache.catalina.core.StandardServer.await A valid shutdown command was received via the shutdown port. Stopping the Server instance.
01-Sep-2026 19:40:30.667 INFO [main] org.apache.coyote.AbstractProtocol.pause Pausing ProtocolHandler ["http-nio-8080"]
01-Sep-2026 19:40:30.685 INFO [main] org.apache.catalina.core.StandardService.stopInternal Stopping service [Catalina]
01-Sep-2026 19:40:30.976 WARNING [localhost-startStop-2] org.apache.catalina.loader.WebappClassLoaderBase.clearReferencesJdbc The web application [benedictjeromemart] registered the JDBC driver [org.h2.Driver] but failed to unregister it when the web application was stopped. To prevent a memory leak, the JDBC Driver has been forcibly unregistered.
01-Sep-2026 19:40:30.992 INFO [main] org.apache.coyote.AbstractProtocol.stop Stopping ProtocolHandler ["http-nio-8080"]
01-Sep-2026 19:40:31.003 INFO [main] org.apache.coyote.AbstractProtocol.destroy Destroying ProtocolHandler ["http-nio-8080"]
01-Sep-2026 19:40:45.283 INFO [main] org.apache.catalina.startup.VersionLoggerListener.log Server version name:   Apache Tomcat/8.5.96
01-Sep-2026 19:40:45.287 INFO [main] org.apache.catalina.startup.VersionLoggerListener.log Server built:          Nov 10 2023 14:56:59 UTC
01-Sep-2026 19:40:45.287 INFO [main] org.apache.catalina.startup.VersionLoggerListener.log Server version number: 8.5.96.0
01-Sep-2026 19:40:45.287 INFO [main] org.apache.catalina.startup.VersionLoggerListener.log OS Name:               Windows 11
01-Sep-2026 19:40:45.288 INFO [main] org.apache.catalina.startup.VersionLoggerListener.log OS Version:            10.0
01-Sep-2026 19:40:45.288 INFO [main] org.apache.catalina.startup.VersionLoggerListener.log Architecture:          amd64
01-Sep-2026 19:40:45.289 INFO [main] org.apache.catalina.startup.VersionLoggerListener.log Java Home:             C:\Program Files\Eclipse Adoptium\jdk-17.0.20.8-hotspot
01-Sep-2026 19:40:45.289 INFO [main] org.apache.catalina.startup.VersionLoggerListener.log JVM Version:           17.0.20+8
01-Sep-2026 19:40:45.290 INFO [main] org.apache.catalina.startup.VersionLoggerListener.log JVM Vendor:            Eclipse Adoptium
01-Sep-2026 19:40:45.291 INFO [main] org.apache.catalina.startup.VersionLoggerListener.log CATALINA_BASE:         D:\benedictmart\benedictmart\jerome_zom\tomcat
01-Sep-2026 19:40:45.293 INFO [main] org.apache.catalina.startup.VersionLoggerListener.log CATALINA_HOME:         D:\benedictmart\benedictmart\jerome_zom\tomcat
01-Sep-2026 19:40:45.293 INFO [main] org.apache.catalina.startup.VersionLoggerListener.log Command line argument: --add-opens=java.base/java.lang=ALL-UNNAMED
01-Sep-2026 19:40:45.294 INFO [main] org.apache.catalina.startup.VersionLoggerListener.log Command line argument: --add-opens=java.base/java.io=ALL-UNNAMED
01-Sep-2026 19:40:45.294 INFO [main] org.apache.catalina.startup.VersionLoggerListener.log Command line argument: --add-opens=java.base/java.util=ALL-UNNAMED
01-Sep-2026 19:40:45.294 INFO [main] org.apache.catalina.startup.VersionLoggerListener.log Command line argument: --add-opens=java.base/java.util.concurrent=ALL-UNNAMED
01-Sep-2026 19:40:45.296 INFO [main] org.apache.catalina.startup.VersionLoggerListener.log Command line argument: --add-opens=java.rmi/sun.rmi.transport=ALL-UNNAMED
01-Sep-2026 19:40:45.296 INFO [main] org.apache.catalina.startup.VersionLoggerListener.log Command line argument: -Djava.util.logging.config.file=D:\benedictmart\benedictmart\jerome_zom\tomcat\conf\logging.properties
01-Sep-2026 19:40:45.296 INFO [main] org.apache.catalina.startup.VersionLoggerListener.log Command line argument: -Djava.util.logging.manager=org.apache.juli.ClassLoaderLogManager
01-Sep-2026 19:40:45.296 INFO [main] org.apache.catalina.startup.VersionLoggerListener.log Command line argument: -Djdk.tls.ephemeralDHKeySize=2048
01-Sep-2026 19:40:45.296 INFO [main] org.apache.catalina.startup.VersionLoggerListener.log Command line argument: -Djava.protocol.handler.pkgs=org.apache.catalina.webresources
01-Sep-2026 19:40:45.297 INFO [main] org.apache.catalina.startup.VersionLoggerListener.log Command line argument: -Dignore.endorsed.dirs=
01-Sep-2026 19:40:45.297 INFO [main] org.apache.catalina.startup.VersionLoggerListener.log Command line argument: -Dcatalina.base=D:\benedictmart\benedictmart\jerome_zom\tomcat
01-Sep-2026 19:40:45.297 INFO [main] org.apache.catalina.startup.VersionLoggerListener.log Command line argument: -Dcatalina.home=D:\benedictmart\benedictmart\jerome_zom\tomcat
01-Sep-2026 19:40:45.297 INFO [main] org.apache.catalina.startup.VersionLoggerListener.log Command line argument: -Djava.io.tmpdir=D:\benedictmart\benedictmart\jerome_zom\tomcat\temp
01-Sep-2026 19:40:45.298 INFO [main] org.apache.catalina.core.AprLifecycleListener.lifecycleEvent Loaded Apache Tomcat Native library [1.3.8] using APR version [1.7.6].
01-Sep-2026 19:40:45.298 INFO [main] org.apache.catalina.core.AprLifecycleListener.lifecycleEvent APR capabilities: IPv6 [true], sendfile [true], accept filters [false], random [true], UDS [{4}].
01-Sep-2026 19:40:45.298 INFO [main] org.apache.catalina.core.AprLifecycleListener.lifecycleEvent APR/OpenSSL configuration: useAprConnector [false], useOpenSSL [true]
01-Sep-2026 19:40:45.307 INFO [main] org.apache.catalina.core.AprLifecycleListener.initializeSSL OpenSSL successfully initialized [OpenSSL 3.0.21 9 Jun 2026]
01-Sep-2026 19:40:45.380 INFO [main] org.apache.coyote.AbstractProtocol.init Initializing ProtocolHandler ["http-nio-8080"]
01-Sep-2026 19:40:45.437 INFO [main] org.apache.catalina.startup.Catalina.load Initialization processed in 776 ms
01-Sep-2026 19:40:45.541 INFO [main] org.apache.catalina.core.StandardService.startInternal Starting service [Catalina]
01-Sep-2026 19:40:45.542 INFO [main] org.apache.catalina.core.StandardEngine.startInternal Starting Servlet engine: [Apache Tomcat/8.5.96]
01-Sep-2026 19:40:45.588 INFO [localhost-startStop-1] org.apache.catalina.startup.HostConfig.deployWAR Deploying web application archive [D:\benedictmart\benedictmart\jerome_zom\tomcat\webapps\benedictjeromemart.war]
01-Sep-2026 19:40:46.227 WARNING [localhost-startStop-1] org.apache.tomcat.util.descriptor.web.WebXml.setVersion Unknown version string [4.0]. Default version will be used.
01-Sep-2026 19:40:46.807 INFO [localhost-startStop-1] org.apache.jasper.servlet.TldScanner.scanJars At least one JAR was scanned for TLDs yet contained no TLDs. Enable debug logging for this logger for a complete list of JARs that were scanned but no TLDs were found in them. Skipping unneeded JARs during scanning can improve startup time and JSP compilation time.
01-Sep-2026 19:40:47.605 INFO [localhost-startStop-1] org.apache.catalina.startup.HostConfig.deployWAR Deployment of web application archive [D:\benedictmart\benedictmart\jerome_zom\tomcat\webapps\benedictjeromemart.war] has finished in [2,014] ms
01-Sep-2026 19:40:47.605 INFO [localhost-startStop-1] org.apache.catalina.startup.HostConfig.deployDirectory Deploying web application directory [D:\benedictmart\benedictmart\jerome_zom\tomcat\webapps\docs]
01-Sep-2026 19:40:47.649 INFO [localhost-startStop-1] org.apache.catalina.startup.HostConfig.deployDirectory Deployment of web application directory [D:\benedictmart\benedictmart\jerome_zom\tomcat\webapps\docs] has finished in [44] ms
01-Sep-2026 19:40:47.649 INFO [localhost-startStop-1] org.apache.catalina.startup.HostConfig.deployDirectory Deploying web application directory [D:\benedictmart\benedictmart\jerome_zom\tomcat\webapps\examples]
01-Sep-2026 19:40:48.081 INFO [localhost-startStop-1] org.apache.catalina.startup.HostConfig.deployDirectory Deployment of web application directory [D:\benedictmart\benedictmart\jerome_zom\tomcat\webapps\examples] has finished in [432] ms
01-Sep-2026 19:40:48.081 INFO [localhost-startStop-1] org.apache.catalina.startup.HostConfig.deployDirectory Deploying web application directory [D:\benedictmart\benedictmart\jerome_zom\tomcat\webapps\host-manager]
01-Sep-2026 19:40:48.135 INFO [localhost-startStop-1] org.apache.catalina.startup.HostConfig.deployDirectory Deployment of web application directory [D:\benedictmart\benedictmart\jerome_zom\tomcat\webapps\host-manager] has finished in [54] ms
01-Sep-2026 19:40:48.140 INFO [localhost-startStop-1] org.apache.catalina.startup.HostConfig.deployDirectory Deploying web application directory [D:\benedictmart\benedictmart\jerome_zom\tomcat\webapps\manager]
01-Sep-2026 19:40:48.193 INFO [localhost-startStop-1] org.apache.catalina.startup.HostConfig.deployDirectory Deployment of web application directory [D:\benedictmart\benedictmart\jerome_zom\tomcat\webapps\manager] has finished in [51] ms
01-Sep-2026 19:40:48.193 INFO [localhost-startStop-1] org.apache.catalina.startup.HostConfig.deployDirectory Deploying web application directory [D:\benedictmart\benedictmart\jerome_zom\tomcat\webapps\ROOT]
01-Sep-2026 19:40:48.228 INFO [localhost-startStop-1] org.apache.catalina.startup.HostConfig.deployDirectory Deployment of web application directory [D:\benedictmart\benedictmart\jerome_zom\tomcat\webapps\ROOT] has finished in [35] ms
01-Sep-2026 19:40:48.235 INFO [main] org.apache.coyote.AbstractProtocol.start Starting ProtocolHandler ["http-nio-8080"]
01-Sep-2026 19:40:48.312 INFO [main] org.apache.catalina.startup.Catalina.start Server startup in 2874 ms
01-Sep-2026 19:46:23.655 INFO [main] org.apache.catalina.core.StandardServer.await A valid shutdown command was received via the shutdown port. Stopping the Server instance.
01-Sep-2026 19:46:23.657 INFO [main] org.apache.coyote.AbstractProtocol.pause Pausing ProtocolHandler ["http-nio-8080"]
01-Sep-2026 19:46:23.674 INFO [main] org.apache.catalina.core.StandardService.stopInternal Stopping service [Catalina]
01-Sep-2026 19:46:23.949 WARNING [localhost-startStop-2] org.apache.catalina.loader.WebappClassLoaderBase.clearReferencesJdbc The web application [benedictjeromemart] registered the JDBC driver [org.h2.Driver] but failed to unregister it when the web application was stopped. To prevent a memory leak, the JDBC Driver has been forcibly unregistered.
01-Sep-2026 19:46:23.973 INFO [main] org.apache.coyote.AbstractProtocol.stop Stopping ProtocolHandler ["http-nio-8080"]
01-Sep-2026 19:46:23.988 INFO [main] org.apache.coyote.AbstractProtocol.destroy Destroying ProtocolHandler ["http-nio-8080"]
01-Sep-2026 19:46:42.495 INFO [main] org.apache.catalina.startup.VersionLoggerListener.log Server version name:   Apache Tomcat/8.5.96
01-Sep-2026 19:46:42.502 INFO [main] org.apache.catalina.startup.VersionLoggerListener.log Server built:          Nov 10 2023 14:56:59 UTC
01-Sep-2026 19:46:42.504 INFO [main] org.apache.catalina.startup.VersionLoggerListener.log Server version number: 8.5.96.0
01-Sep-2026 19:46:42.504 INFO [main] org.apache.catalina.startup.VersionLoggerListener.log OS Name:               Windows 11
01-Sep-2026 19:46:42.504 INFO [main] org.apache.catalina.startup.VersionLoggerListener.log OS Version:            10.0
01-Sep-2026 19:46:42.504 INFO [main] org.apache.catalina.startup.VersionLoggerListener.log Architecture:          amd64
01-Sep-2026 19:46:42.506 INFO [main] org.apache.catalina.startup.VersionLoggerListener.log Java Home:             C:\Program Files\Eclipse Adoptium\jdk-17.0.20.8-hotspot
01-Sep-2026 19:46:42.506 INFO [main] org.apache.catalina.startup.VersionLoggerListener.log JVM Version:           17.0.20+8
01-Sep-2026 19:46:42.506 INFO [main] org.apache.catalina.startup.VersionLoggerListener.log JVM Vendor:            Eclipse Adoptium
01-Sep-2026 19:46:42.508 INFO [main] org.apache.catalina.startup.VersionLoggerListener.log CATALINA_BASE:         D:\benedictmart\benedictmart\jerome_zom\tomcat
01-Sep-2026 19:46:42.508 INFO [main] org.apache.catalina.startup.VersionLoggerListener.log CATALINA_HOME:         D:\benedictmart\benedictmart\jerome_zom\tomcat
01-Sep-2026 19:46:42.512 INFO [main] org.apache.catalina.startup.VersionLoggerListener.log Command line argument: --add-opens=java.base/java.lang=ALL-UNNAMED
01-Sep-2026 19:46:42.513 INFO [main] org.apache.catalina.startup.VersionLoggerListener.log Command line argument: --add-opens=java.base/java.io=ALL-UNNAMED
01-Sep-2026 19:46:42.513 INFO [main] org.apache.catalina.startup.VersionLoggerListener.log Command line argument: --add-opens=java.base/java.util=ALL-UNNAMED
01-Sep-2026 19:46:42.513 INFO [main] org.apache.catalina.startup.VersionLoggerListener.log Command line argument: --add-opens=java.base/java.util.concurrent=ALL-UNNAMED
01-Sep-2026 19:46:42.513 INFO [main] org.apache.catalina.startup.VersionLoggerListener.log Command line argument: --add-opens=java.rmi/sun.rmi.transport=ALL-UNNAMED
01-Sep-2026 19:46:42.514 INFO [main] org.apache.catalina.startup.VersionLoggerListener.log Command line argument: -Djava.util.logging.config.file=D:\benedictmart\benedictmart\jerome_zom\tomcat\conf\logging.properties
01-Sep-2026 19:46:42.514 INFO [main] org.apache.catalina.startup.VersionLoggerListener.log Command line argument: -Djava.util.logging.manager=org.apache.juli.ClassLoaderLogManager
01-Sep-2026 19:46:42.514 INFO [main] org.apache.catalina.startup.VersionLoggerListener.log Command line argument: -Djdk.tls.ephemeralDHKeySize=2048
01-Sep-2026 19:46:42.515 INFO [main] org.apache.catalina.startup.VersionLoggerListener.log Command line argument: -Djava.protocol.handler.pkgs=org.apache.catalina.webresources
01-Sep-2026 19:46:42.515 INFO [main] org.apache.catalina.startup.VersionLoggerListener.log Command line argument: -Dignore.endorsed.dirs=
01-Sep-2026 19:46:42.515 INFO [main] org.apache.catalina.startup.VersionLoggerListener.log Command line argument: -Dcatalina.base=D:\benedictmart\benedictmart\jerome_zom\tomcat
01-Sep-2026 19:46:42.515 INFO [main] org.apache.catalina.startup.VersionLoggerListener.log Command line argument: -Dcatalina.home=D:\benedictmart\benedictmart\jerome_zom\tomcat
01-Sep-2026 19:46:42.517 INFO [main] org.apache.catalina.startup.VersionLoggerListener.log Command line argument: -Djava.io.tmpdir=D:\benedictmart\benedictmart\jerome_zom\tomcat\temp
01-Sep-2026 19:46:42.517 INFO [main] org.apache.catalina.core.AprLifecycleListener.lifecycleEvent Loaded Apache Tomcat Native library [1.3.8] using APR version [1.7.6].
01-Sep-2026 19:46:42.517 INFO [main] org.apache.catalina.core.AprLifecycleListener.lifecycleEvent APR capabilities: IPv6 [true], sendfile [true], accept filters [false], random [true], UDS [{4}].
01-Sep-2026 19:46:42.517 INFO [main] org.apache.catalina.core.AprLifecycleListener.lifecycleEvent APR/OpenSSL configuration: useAprConnector [false], useOpenSSL [true]
01-Sep-2026 19:46:42.528 INFO [main] org.apache.catalina.core.AprLifecycleListener.initializeSSL OpenSSL successfully initialized [OpenSSL 3.0.21 9 Jun 2026]
01-Sep-2026 19:46:42.614 INFO [main] org.apache.coyote.AbstractProtocol.init Initializing ProtocolHandler ["http-nio-8080"]
01-Sep-2026 19:46:42.669 INFO [main] org.apache.catalina.startup.Catalina.load Initialization processed in 884 ms
01-Sep-2026 19:46:42.783 INFO [main] org.apache.catalina.core.StandardService.startInternal Starting service [Catalina]
01-Sep-2026 19:46:42.783 INFO [main] org.apache.catalina.core.StandardEngine.startInternal Starting Servlet engine: [Apache Tomcat/8.5.96]
01-Sep-2026 19:46:42.841 INFO [localhost-startStop-1] org.apache.catalina.startup.HostConfig.deployWAR Deploying web application archive [D:\benedictmart\benedictmart\jerome_zom\tomcat\webapps\benedictjeromemart.war]
01-Sep-2026 19:46:43.731 WARNING [localhost-startStop-1] org.apache.tomcat.util.descriptor.web.WebXml.setVersion Unknown version string [4.0]. Default version will be used.
01-Sep-2026 19:46:44.667 INFO [localhost-startStop-1] org.apache.jasper.servlet.TldScanner.scanJars At least one JAR was scanned for TLDs yet contained no TLDs. Enable debug logging for this logger for a complete list of JARs that were scanned but no TLDs were found in them. Skipping unneeded JARs during scanning can improve startup time and JSP compilation time.
01-Sep-2026 19:46:45.766 INFO [localhost-startStop-1] org.apache.catalina.startup.HostConfig.deployWAR Deployment of web application archive [D:\benedictmart\benedictmart\jerome_zom\tomcat\webapps\benedictjeromemart.war] has finished in [2,923] ms
01-Sep-2026 19:46:45.768 INFO [localhost-startStop-1] org.apache.catalina.startup.HostConfig.deployDirectory Deploying web application directory [D:\benedictmart\benedictmart\jerome_zom\tomcat\webapps\docs]
01-Sep-2026 19:46:45.833 INFO [localhost-startStop-1] org.apache.catalina.startup.HostConfig.deployDirectory Deployment of web application directory [D:\benedictmart\benedictmart\jerome_zom\tomcat\webapps\docs] has finished in [65] ms
01-Sep-2026 19:46:45.833 INFO [localhost-startStop-1] org.apache.catalina.startup.HostConfig.deployDirectory Deploying web application directory [D:\benedictmart\benedictmart\jerome_zom\tomcat\webapps\examples]
01-Sep-2026 19:46:46.323 INFO [localhost-startStop-1] org.apache.catalina.startup.HostConfig.deployDirectory Deployment of web application directory [D:\benedictmart\benedictmart\jerome_zom\tomcat\webapps\examples] has finished in [489] ms
01-Sep-2026 19:46:46.323 INFO [localhost-startStop-1] org.apache.catalina.startup.HostConfig.deployDirectory Deploying web application directory [D:\benedictmart\benedictmart\jerome_zom\tomcat\webapps\host-manager]
01-Sep-2026 19:46:46.382 INFO [localhost-startStop-1] org.apache.catalina.startup.HostConfig.deployDirectory Deployment of web application directory [D:\benedictmart\benedictmart\jerome_zom\tomcat\webapps\host-manager] has finished in [57] ms
01-Sep-2026 19:46:46.382 INFO [localhost-startStop-1] org.apache.catalina.startup.HostConfig.deployDirectory Deploying web application directory [D:\benedictmart\benedictmart\jerome_zom\tomcat\webapps\manager]
01-Sep-2026 19:46:46.480 INFO [localhost-startStop-1] org.apache.catalina.startup.HostConfig.deployDirectory Deployment of web application directory [D:\benedictmart\benedictmart\jerome_zom\tomcat\webapps\manager] has finished in [98] ms
01-Sep-2026 19:46:46.482 INFO [localhost-startStop-1] org.apache.catalina.startup.HostConfig.deployDirectory Deploying web application directory [D:\benedictmart\benedictmart\jerome_zom\tomcat\webapps\ROOT]
01-Sep-2026 19:46:46.533 INFO [localhost-startStop-1] org.apache.catalina.startup.HostConfig.deployDirectory Deployment of web application directory [D:\benedictmart\benedictmart\jerome_zom\tomcat\webapps\ROOT] has finished in [51] ms
01-Sep-2026 19:46:46.542 INFO [main] org.apache.coyote.AbstractProtocol.start Starting ProtocolHandler ["http-nio-8080"]
01-Sep-2026 19:46:46.632 INFO [main] org.apache.catalina.startup.Catalina.start Server startup in 3962 ms
01-Sep-2026 19:59:36.402 INFO [main] org.apache.catalina.core.StandardServer.await A valid shutdown command was received via the shutdown port. Stopping the Server instance.
01-Sep-2026 19:59:36.404 INFO [main] org.apache.coyote.AbstractProtocol.pause Pausing ProtocolHandler ["http-nio-8080"]
01-Sep-2026 19:59:36.412 INFO [main] org.apache.catalina.core.StandardService.stopInternal Stopping service [Catalina]
01-Sep-2026 19:59:36.683 WARNING [localhost-startStop-2] org.apache.catalina.loader.WebappClassLoaderBase.clearReferencesJdbc The web application [benedictjeromemart] registered the JDBC driver [org.h2.Driver] but failed to unregister it when the web application was stopped. To prevent a memory leak, the JDBC Driver has been forcibly unregistered.
01-Sep-2026 19:59:36.695 INFO [main] org.apache.coyote.AbstractProtocol.stop Stopping ProtocolHandler ["http-nio-8080"]
01-Sep-2026 19:59:36.716 INFO [main] org.apache.coyote.AbstractProtocol.destroy Destroying ProtocolHandler ["http-nio-8080"]
01-Sep-2026 19:59:50.510 INFO [main] org.apache.catalina.startup.VersionLoggerListener.log Server version name:   Apache Tomcat/8.5.96
01-Sep-2026 19:59:50.516 INFO [main] org.apache.catalina.startup.VersionLoggerListener.log Server built:          Nov 10 2023 14:56:59 UTC
01-Sep-2026 19:59:50.518 INFO [main] org.apache.catalina.startup.VersionLoggerListener.log Server version number: 8.5.96.0
01-Sep-2026 19:59:50.518 INFO [main] org.apache.catalina.startup.VersionLoggerListener.log OS Name:               Windows 11
01-Sep-2026 19:59:50.518 INFO [main] org.apache.catalina.startup.VersionLoggerListener.log OS Version:            10.0
01-Sep-2026 19:59:50.519 INFO [main] org.apache.catalina.startup.VersionLoggerListener.log Architecture:          amd64
01-Sep-2026 19:59:50.519 INFO [main] org.apache.catalina.startup.VersionLoggerListener.log Java Home:             C:\Program Files\Eclipse Adoptium\jdk-17.0.20.8-hotspot
01-Sep-2026 19:59:50.519 INFO [main] org.apache.catalina.startup.VersionLoggerListener.log JVM Version:           17.0.20+8
01-Sep-2026 19:59:50.519 INFO [main] org.apache.catalina.startup.VersionLoggerListener.log JVM Vendor:            Eclipse Adoptium
01-Sep-2026 19:59:50.519 INFO [main] org.apache.catalina.startup.VersionLoggerListener.log CATALINA_BASE:         D:\benedictmart\benedictmart\jerome_zom\tomcat
01-Sep-2026 19:59:50.519 INFO [main] org.apache.catalina.startup.VersionLoggerListener.log CATALINA_HOME:         D:\benedictmart\benedictmart\jerome_zom\tomcat
01-Sep-2026 19:59:50.522 INFO [main] org.apache.catalina.startup.VersionLoggerListener.log Command line argument: --add-opens=java.base/java.lang=ALL-UNNAMED
01-Sep-2026 19:59:50.522 INFO [main] org.apache.catalina.startup.VersionLoggerListener.log Command line argument: --add-opens=java.base/java.io=ALL-UNNAMED
01-Sep-2026 19:59:50.522 INFO [main] org.apache.catalina.startup.VersionLoggerListener.log Command line argument: --add-opens=java.base/java.util=ALL-UNNAMED
01-Sep-2026 19:59:50.522 INFO [main] org.apache.catalina.startup.VersionLoggerListener.log Command line argument: --add-opens=java.base/java.util.concurrent=ALL-UNNAMED
01-Sep-2026 19:59:50.524 INFO [main] org.apache.catalina.startup.VersionLoggerListener.log Command line argument: --add-opens=java.rmi/sun.rmi.transport=ALL-UNNAMED
01-Sep-2026 19:59:50.524 INFO [main] org.apache.catalina.startup.VersionLoggerListener.log Command line argument: -Djava.util.logging.config.file=D:\benedictmart\benedictmart\jerome_zom\tomcat\conf\logging.properties
01-Sep-2026 19:59:50.524 INFO [main] org.apache.catalina.startup.VersionLoggerListener.log Command line argument: -Djava.util.logging.manager=org.apache.juli.ClassLoaderLogManager
01-Sep-2026 19:59:50.524 INFO [main] org.apache.catalina.startup.VersionLoggerListener.log Command line argument: -Djdk.tls.ephemeralDHKeySize=2048
01-Sep-2026 19:59:50.524 INFO [main] org.apache.catalina.startup.VersionLoggerListener.log Command line argument: -Djava.protocol.handler.pkgs=org.apache.catalina.webresources
01-Sep-2026 19:59:50.524 INFO [main] org.apache.catalina.startup.VersionLoggerListener.log Command line argument: -Dignore.endorsed.dirs=
01-Sep-2026 19:59:50.528 INFO [main] org.apache.catalina.startup.VersionLoggerListener.log Command line argument: -Dcatalina.base=D:\benedictmart\benedictmart\jerome_zom\tomcat
01-Sep-2026 19:59:50.528 INFO [main] org.apache.catalina.startup.VersionLoggerListener.log Command line argument: -Dcatalina.home=D:\benedictmart\benedictmart\jerome_zom\tomcat
01-Sep-2026 19:59:50.528 INFO [main] org.apache.catalina.startup.VersionLoggerListener.log Command line argument: -Djava.io.tmpdir=D:\benedictmart\benedictmart\jerome_zom\tomcat\temp
01-Sep-2026 19:59:50.528 INFO [main] org.apache.catalina.core.AprLifecycleListener.lifecycleEvent Loaded Apache Tomcat Native library [1.3.8] using APR version [1.7.6].
01-Sep-2026 19:59:50.528 INFO [main] org.apache.catalina.core.AprLifecycleListener.lifecycleEvent APR capabilities: IPv6 [true], sendfile [true], accept filters [false], random [true], UDS [{4}].
01-Sep-2026 19:59:50.528 INFO [main] org.apache.catalina.core.AprLifecycleListener.lifecycleEvent APR/OpenSSL configuration: useAprConnector [false], useOpenSSL [true]
01-Sep-2026 19:59:50.528 INFO [main] org.apache.catalina.core.AprLifecycleListener.initializeSSL OpenSSL successfully initialized [OpenSSL 3.0.21 9 Jun 2026]
01-Sep-2026 19:59:50.601 INFO [main] org.apache.coyote.AbstractProtocol.init Initializing ProtocolHandler ["http-nio-8080"]
01-Sep-2026 19:59:50.660 INFO [main] org.apache.catalina.startup.Catalina.load Initialization processed in 665 ms
01-Sep-2026 19:59:50.747 INFO [main] org.apache.catalina.core.StandardService.startInternal Starting service [Catalina]
01-Sep-2026 19:59:50.747 INFO [main] org.apache.catalina.core.StandardEngine.startInternal Starting Servlet engine: [Apache Tomcat/8.5.96]
01-Sep-2026 19:59:50.784 INFO [localhost-startStop-1] org.apache.catalina.startup.HostConfig.deployWAR Deploying web application archive [D:\benedictmart\benedictmart\jerome_zom\tomcat\webapps\benedictjeromemart.war]
01-Sep-2026 19:59:51.433 WARNING [localhost-startStop-1] org.apache.tomcat.util.descriptor.web.WebXml.setVersion Unknown version string [4.0]. Default version will be used.
01-Sep-2026 19:59:52.278 INFO [localhost-startStop-1] org.apache.jasper.servlet.TldScanner.scanJars At least one JAR was scanned for TLDs yet contained no TLDs. Enable debug logging for this logger for a complete list of JARs that were scanned but no TLDs were found in them. Skipping unneeded JARs during scanning can improve startup time and JSP compilation time.
01-Sep-2026 19:59:53.458 INFO [localhost-startStop-1] org.apache.catalina.startup.HostConfig.deployWAR Deployment of web application archive [D:\benedictmart\benedictmart\jerome_zom\tomcat\webapps\benedictjeromemart.war] has finished in [2,674] ms
01-Sep-2026 19:59:53.460 INFO [localhost-startStop-1] org.apache.catalina.startup.HostConfig.deployDirectory Deploying web application directory [D:\benedictmart\benedictmart\jerome_zom\tomcat\webapps\docs]
01-Sep-2026 19:59:53.515 INFO [localhost-startStop-1] org.apache.catalina.startup.HostConfig.deployDirectory Deployment of web application directory [D:\benedictmart\benedictmart\jerome_zom\tomcat\webapps\docs] has finished in [54] ms
01-Sep-2026 19:59:53.515 INFO [localhost-startStop-1] org.apache.catalina.startup.HostConfig.deployDirectory Deploying web application directory [D:\benedictmart\benedictmart\jerome_zom\tomcat\webapps\examples]
01-Sep-2026 19:59:54.034 INFO [localhost-startStop-1] org.apache.catalina.startup.HostConfig.deployDirectory Deployment of web application directory [D:\benedictmart\benedictmart\jerome_zom\tomcat\webapps\examples] has finished in [519] ms
01-Sep-2026 19:59:54.034 INFO [localhost-startStop-1] org.apache.catalina.startup.HostConfig.deployDirectory Deploying web application directory [D:\benedictmart\benedictmart\jerome_zom\tomcat\webapps\host-manager]
01-Sep-2026 19:59:54.105 INFO [localhost-startStop-1] org.apache.catalina.startup.HostConfig.deployDirectory Deployment of web application directory [D:\benedictmart\benedictmart\jerome_zom\tomcat\webapps\host-manager] has finished in [70] ms
01-Sep-2026 19:59:54.105 INFO [localhost-startStop-1] org.apache.catalina.startup.HostConfig.deployDirectory Deploying web application directory [D:\benedictmart\benedictmart\jerome_zom\tomcat\webapps\manager]
01-Sep-2026 19:59:54.163 INFO [localhost-startStop-1] org.apache.catalina.startup.HostConfig.deployDirectory Deployment of web application directory [D:\benedictmart\benedictmart\jerome_zom\tomcat\webapps\manager] has finished in [58] ms
01-Sep-2026 19:59:54.164 INFO [localhost-startStop-1] org.apache.catalina.startup.HostConfig.deployDirectory Deploying web application directory [D:\benedictmart\benedictmart\jerome_zom\tomcat\webapps\ROOT]
01-Sep-2026 19:59:54.224 INFO [localhost-startStop-1] org.apache.catalina.startup.HostConfig.deployDirectory Deployment of web application directory [D:\benedictmart\benedictmart\jerome_zom\tomcat\webapps\ROOT] has finished in [60] ms
01-Sep-2026 19:59:54.228 INFO [main] org.apache.coyote.AbstractProtocol.start Starting ProtocolHandler ["http-nio-8080"]
01-Sep-2026 19:59:54.317 INFO [main] org.apache.catalina.startup.Catalina.start Server startup in 3656 ms
