21-Sep-2026 07:29:50.317 SEVERE [main] org.apache.catalina.startup.Catalina.stopServer Could not contact [localhost:8005] (base port [8005] and offset [0]). Tomcat may not be running.
21-Sep-2026 07:30:00.316 INFO [main] org.apache.catalina.startup.VersionLoggerListener.log Server version name:   Apache Tomcat/8.5.96
21-Sep-2026 07:30:00.319 INFO [main] org.apache.catalina.startup.VersionLoggerListener.log Server built:          Nov 10 2023 14:56:59 UTC
21-Sep-2026 07:30:00.319 INFO [main] org.apache.catalina.startup.VersionLoggerListener.log Server version number: 8.5.96.0
21-Sep-2026 07:30:00.320 INFO [main] org.apache.catalina.startup.VersionLoggerListener.log OS Name:               Windows 11
21-Sep-2026 07:30:00.320 INFO [main] org.apache.catalina.startup.VersionLoggerListener.log OS Version:            10.0
21-Sep-2026 07:30:00.320 INFO [main] org.apache.catalina.startup.VersionLoggerListener.log Architecture:          amd64
21-Sep-2026 07:30:00.320 INFO [main] org.apache.catalina.startup.VersionLoggerListener.log Java Home:             C:\Program Files\Eclipse Adoptium\jdk-17.0.20.8-hotspot
21-Sep-2026 07:30:00.322 INFO [main] org.apache.catalina.startup.VersionLoggerListener.log JVM Version:           17.0.20+8
21-Sep-2026 07:30:00.322 INFO [main] org.apache.catalina.startup.VersionLoggerListener.log JVM Vendor:            Eclipse Adoptium
21-Sep-2026 07:30:00.322 INFO [main] org.apache.catalina.startup.VersionLoggerListener.log CATALINA_BASE:         C:\benedictmart\benedictmart\jerome_zom\tomcat
21-Sep-2026 07:30:00.322 INFO [main] org.apache.catalina.startup.VersionLoggerListener.log CATALINA_HOME:         C:\benedictmart\benedictmart\jerome_zom\tomcat
21-Sep-2026 07:30:00.323 INFO [main] org.apache.catalina.startup.VersionLoggerListener.log Command line argument: --add-opens=java.base/java.lang=ALL-UNNAMED
21-Sep-2026 07:30:00.323 INFO [main] org.apache.catalina.startup.VersionLoggerListener.log Command line argument: --add-opens=java.base/java.io=ALL-UNNAMED
21-Sep-2026 07:30:00.324 INFO [main] org.apache.catalina.startup.VersionLoggerListener.log Command line argument: --add-opens=java.base/java.util=ALL-UNNAMED
21-Sep-2026 07:30:00.324 INFO [main] org.apache.catalina.startup.VersionLoggerListener.log Command line argument: --add-opens=java.base/java.util.concurrent=ALL-UNNAMED
21-Sep-2026 07:30:00.324 INFO [main] org.apache.catalina.startup.VersionLoggerListener.log Command line argument: --add-opens=java.rmi/sun.rmi.transport=ALL-UNNAMED
21-Sep-2026 07:30:00.324 INFO [main] org.apache.catalina.startup.VersionLoggerListener.log Command line argument: -Djava.util.logging.config.file=C:\benedictmart\benedictmart\jerome_zom\tomcat\conf\logging.properties
21-Sep-2026 07:30:00.324 INFO [main] org.apache.catalina.startup.VersionLoggerListener.log Command line argument: -Djava.util.logging.manager=org.apache.juli.ClassLoaderLogManager
21-Sep-2026 07:30:00.325 INFO [main] org.apache.catalina.startup.VersionLoggerListener.log Command line argument: -Djdk.tls.ephemeralDHKeySize=2048
21-Sep-2026 07:30:00.325 INFO [main] org.apache.catalina.startup.VersionLoggerListener.log Command line argument: -Djava.protocol.handler.pkgs=org.apache.catalina.webresources
21-Sep-2026 07:30:00.325 INFO [main] org.apache.catalina.startup.VersionLoggerListener.log Command line argument: -Dignore.endorsed.dirs=
21-Sep-2026 07:30:00.325 INFO [main] org.apache.catalina.startup.VersionLoggerListener.log Command line argument: -Dcatalina.base=C:\benedictmart\benedictmart\jerome_zom\tomcat
21-Sep-2026 07:30:00.326 INFO [main] org.apache.catalina.startup.VersionLoggerListener.log Command line argument: -Dcatalina.home=C:\benedictmart\benedictmart\jerome_zom\tomcat
21-Sep-2026 07:30:00.326 INFO [main] org.apache.catalina.startup.VersionLoggerListener.log Command line argument: -Djava.io.tmpdir=C:\benedictmart\benedictmart\jerome_zom\tomcat\temp
21-Sep-2026 07:30:00.326 INFO [main] org.apache.catalina.core.AprLifecycleListener.lifecycleEvent Loaded Apache Tomcat Native library [1.3.8] using APR version [1.7.6].
21-Sep-2026 07:30:00.326 INFO [main] org.apache.catalina.core.AprLifecycleListener.lifecycleEvent APR capabilities: IPv6 [true], sendfile [true], accept filters [false], random [true], UDS [{4}].
21-Sep-2026 07:30:00.326 INFO [main] org.apache.catalina.core.AprLifecycleListener.lifecycleEvent APR/OpenSSL configuration: useAprConnector [false], useOpenSSL [true]
21-Sep-2026 07:30:00.362 INFO [main] org.apache.catalina.core.AprLifecycleListener.initializeSSL OpenSSL successfully initialized [OpenSSL 3.0.21 9 Jun 2026]
21-Sep-2026 07:30:00.424 INFO [main] org.apache.coyote.AbstractProtocol.init Initializing ProtocolHandler ["http-nio-8080"]
21-Sep-2026 07:30:00.461 INFO [main] org.apache.catalina.startup.Catalina.load Initialization processed in 726 ms
21-Sep-2026 07:30:00.527 INFO [main] org.apache.catalina.core.StandardService.startInternal Starting service [Catalina]
21-Sep-2026 07:30:00.528 INFO [main] org.apache.catalina.core.StandardEngine.startInternal Starting Servlet engine: [Apache Tomcat/8.5.96]
21-Sep-2026 07:30:00.570 INFO [localhost-startStop-1] org.apache.catalina.startup.HostConfig.deployWAR Deploying web application archive [C:\benedictmart\benedictmart\jerome_zom\tomcat\webapps\benedictjeromemart.war]
21-Sep-2026 07:30:01.215 WARNING [localhost-startStop-1] org.apache.tomcat.util.descriptor.web.WebXml.setVersion Unknown version string [4.0]. Default version will be used.
21-Sep-2026 07:30:02.286 INFO [localhost-startStop-1] org.apache.jasper.servlet.TldScanner.scanJars At least one JAR was scanned for TLDs yet contained no TLDs. Enable debug logging for this logger for a complete list of JARs that were scanned but no TLDs were found in them. Skipping unneeded JARs during scanning can improve startup time and JSP compilation time.
21-Sep-2026 07:30:07.836 INFO [localhost-startStop-1] org.apache.catalina.startup.HostConfig.deployWAR Deployment of web application archive [C:\benedictmart\benedictmart\jerome_zom\tomcat\webapps\benedictjeromemart.war] has finished in [7,264] ms
21-Sep-2026 07:30:07.838 INFO [localhost-startStop-1] org.apache.catalina.startup.HostConfig.deployDirectory Deploying web application directory [C:\benedictmart\benedictmart\jerome_zom\tomcat\webapps\docs]
21-Sep-2026 07:30:07.903 INFO [localhost-startStop-1] org.apache.catalina.startup.HostConfig.deployDirectory Deployment of web application directory [C:\benedictmart\benedictmart\jerome_zom\tomcat\webapps\docs] has finished in [65] ms
21-Sep-2026 07:30:07.904 INFO [localhost-startStop-1] org.apache.catalina.startup.HostConfig.deployDirectory Deploying web application directory [C:\benedictmart\benedictmart\jerome_zom\tomcat\webapps\examples]
21-Sep-2026 07:30:09.046 INFO [localhost-startStop-1] org.apache.catalina.startup.HostConfig.deployDirectory Deployment of web application directory [C:\benedictmart\benedictmart\jerome_zom\tomcat\webapps\examples] has finished in [1,143] ms
21-Sep-2026 07:30:09.046 INFO [localhost-startStop-1] org.apache.catalina.startup.HostConfig.deployDirectory Deploying web application directory [C:\benedictmart\benedictmart\jerome_zom\tomcat\webapps\host-manager]
21-Sep-2026 07:30:09.130 INFO [localhost-startStop-1] org.apache.catalina.startup.HostConfig.deployDirectory Deployment of web application directory [C:\benedictmart\benedictmart\jerome_zom\tomcat\webapps\host-manager] has finished in [83] ms
21-Sep-2026 07:30:09.130 INFO [localhost-startStop-1] org.apache.catalina.startup.HostConfig.deployDirectory Deploying web application directory [C:\benedictmart\benedictmart\jerome_zom\tomcat\webapps\manager]
21-Sep-2026 07:30:09.191 INFO [localhost-startStop-1] org.apache.catalina.startup.HostConfig.deployDirectory Deployment of web application directory [C:\benedictmart\benedictmart\jerome_zom\tomcat\webapps\manager] has finished in [61] ms
21-Sep-2026 07:30:09.192 INFO [localhost-startStop-1] org.apache.catalina.startup.HostConfig.deployDirectory Deploying web application directory [C:\benedictmart\benedictmart\jerome_zom\tomcat\webapps\ROOT]
21-Sep-2026 07:30:09.226 INFO [localhost-startStop-1] org.apache.catalina.startup.HostConfig.deployDirectory Deployment of web application directory [C:\benedictmart\benedictmart\jerome_zom\tomcat\webapps\ROOT] has finished in [34] ms
21-Sep-2026 07:30:09.229 INFO [main] org.apache.coyote.AbstractProtocol.start Starting ProtocolHandler ["http-nio-8080"]
21-Sep-2026 07:30:09.335 INFO [main] org.apache.catalina.startup.Catalina.start Server startup in 8874 ms
