29-Aug-2026 19:38:27.935 SEVERE [localhost-startStop-1] org.apache.catalina.core.StandardContext.filterStart Exception starting filter [com.yourname.yournameeats.filter.AuthFilter]
	java.lang.AbstractMethodError: Receiver class com.yourname.yournameeats.filter.AuthFilter does not define or inherit an implementation of the resolved method 'abstract void init(javax.servlet.FilterConfig)' of interface javax.servlet.Filter.
		at org.apache.catalina.core.ApplicationFilterConfig.initFilter(ApplicationFilterConfig.java:272)
		at org.apache.catalina.core.ApplicationFilterConfig.getFilter(ApplicationFilterConfig.java:254)
		at org.apache.catalina.core.ApplicationFilterConfig.<init>(ApplicationFilterConfig.java:100)
		at org.apache.catalina.core.StandardContext.filterStart(StandardContext.java:4290)
		at org.apache.catalina.core.StandardContext.startInternal(StandardContext.java:4925)
		at org.apache.catalina.util.LifecycleBase.start(LifecycleBase.java:171)
		at org.apache.catalina.core.ContainerBase.addChildInternal(ContainerBase.java:710)
		at org.apache.catalina.core.ContainerBase.addChild(ContainerBase.java:687)
		at org.apache.catalina.core.StandardHost.addChild(StandardHost.java:660)
		at org.apache.catalina.startup.HostConfig.deployWAR(HostConfig.java:1016)
		at org.apache.catalina.startup.HostConfig$DeployWar.run(HostConfig.java:1903)
		at java.base/java.util.concurrent.Executors$RunnableAdapter.call(Executors.java:539)
		at java.base/java.util.concurrent.FutureTask.run(FutureTask.java:264)
		at java.base/java.util.concurrent.ThreadPoolExecutor.runWorker(ThreadPoolExecutor.java:1136)
		at java.base/java.util.concurrent.ThreadPoolExecutor$Worker.run(ThreadPoolExecutor.java:635)
		at java.base/java.lang.Thread.run(Thread.java:840)
29-Aug-2026 19:38:29.160 INFO [localhost-startStop-1] org.apache.catalina.core.ApplicationContext.log ContextListener: contextInitialized()
29-Aug-2026 19:38:29.160 INFO [localhost-startStop-1] org.apache.catalina.core.ApplicationContext.log SessionListener: contextInitialized()
29-Aug-2026 19:38:29.160 INFO [localhost-startStop-1] org.apache.catalina.core.ApplicationContext.log ContextListener: attributeAdded('StockTicker', 'async.Stockticker@6725f4d6')
29-Aug-2026 19:55:50.533 INFO [localhost-startStop-2] org.apache.catalina.core.ApplicationContext.log SessionListener: contextDestroyed()
29-Aug-2026 19:55:50.533 INFO [localhost-startStop-2] org.apache.catalina.core.ApplicationContext.log ContextListener: contextDestroyed()
29-Aug-2026 19:56:20.871 INFO [localhost-startStop-1] org.apache.catalina.core.ApplicationContext.log ContextListener: contextInitialized()
29-Aug-2026 19:56:20.871 INFO [localhost-startStop-1] org.apache.catalina.core.ApplicationContext.log SessionListener: contextInitialized()
29-Aug-2026 19:56:20.876 INFO [localhost-startStop-1] org.apache.catalina.core.ApplicationContext.log ContextListener: attributeAdded('StockTicker', 'async.Stockticker@3fb88998')
29-Aug-2026 20:06:33.375 SEVERE [http-nio-8080-exec-7] org.apache.catalina.core.StandardWrapperValve.invoke Servlet.service() for servlet [jsp] in context with path [/benedictjeromemart] threw exception [javax.el.ELException: Failed to parse the expression [${categoryImages.default}]] with root cause
	javax.el.ELException: The identifier [default] is not a valid Java identifier as required by section 1.19 of the EL specification (Identifier ::= Java language identifier). This check can be disabled by setting the system property org.apache.el.parser.SKIP_IDENTIFIER_CHECK to true.
		at org.apache.el.parser.AstDotSuffix.setImage(AstDotSuffix.java:44)
		at org.apache.el.parser.ELParser.DotSuffix(ELParser.java:1639)
		at org.apache.el.parser.ELParser.ValueSuffix(ELParser.java:1603)
		at org.apache.el.parser.ELParser.Value(ELParser.java:1538)
		at org.apache.el.parser.ELParser.Unary(ELParser.java:1506)
		at org.apache.el.parser.ELParser.Multiplication(ELParser.java:1219)
		at org.apache.el.parser.ELParser.Math(ELParser.java:1124)
		at org.apache.el.parser.ELParser.Concatenation(ELParser.java:1073)
		at org.apache.el.parser.ELParser.Compare(ELParser.java:847)
		at org.apache.el.parser.ELParser.Equality(ELParser.java:722)
		at org.apache.el.parser.ELParser.And(ELParser.java:657)
		at org.apache.el.parser.ELParser.Or(ELParser.java:592)
		at org.apache.el.parser.ELParser.Choice(ELParser.java:543)
		at org.apache.el.parser.ELParser.Assignment(ELParser.java:271)
		at org.apache.el.parser.ELParser.Semicolon(ELParser.java:203)
		at org.apache.el.parser.ELParser.Expression(ELParser.java:196)
		at org.apache.el.parser.ELParser.DynamicExpression(ELParser.java:162)
		at org.apache.el.parser.ELParser.CompositeExpression(ELParser.java:46)
		at org.apache.el.lang.ExpressionBuilder.createNodeInternal(ExpressionBuilder.java:119)
		at org.apache.el.lang.ExpressionBuilder.build(ExpressionBuilder.java:181)
		at org.apache.el.lang.ExpressionBuilder.createValueExpression(ExpressionBuilder.java:245)
		at org.apache.el.ExpressionFactoryImpl.createValueExpression(ExpressionFactoryImpl.java:65)
		at org.apache.jasper.compiler.Validator$ValidateVisitor.prepareExpression(Validator.java:1642)
		at org.apache.jasper.compiler.Validator$ValidateVisitor.visit(Validator.java:771)
		at org.apache.jasper.compiler.Node$ELExpression.accept(Node.java:955)
		at org.apache.jasper.compiler.Node$Nodes.visit(Node.java:2381)
		at org.apache.jasper.compiler.Node$Visitor.visitBody(Node.java:2437)
		at org.apache.jasper.compiler.Node$Visitor.visit(Node.java:2443)
		at org.apache.jasper.compiler.Node$Root.accept(Node.java:467)
		at org.apache.jasper.compiler.Node$Nodes.visit(Node.java:2381)
		at org.apache.jasper.compiler.Validator.validateExDirectives(Validator.java:1869)
		at org.apache.jasper.compiler.Compiler.generateJava(Compiler.java:221)
		at org.apache.jasper.compiler.Compiler.compile(Compiler.java:375)
		at org.apache.jasper.compiler.Compiler.compile(Compiler.java:351)
		at org.apache.jasper.compiler.Compiler.compile(Compiler.java:335)
		at org.apache.jasper.JspCompilationContext.compile(JspCompilationContext.java:597)
		at org.apache.jasper.servlet.JspServletWrapper.service(JspServletWrapper.java:398)
		at org.apache.jasper.servlet.JspServlet.serviceJspFile(JspServlet.java:383)
		at org.apache.jasper.servlet.JspServlet.service(JspServlet.java:331)
		at javax.servlet.http.HttpServlet.service(HttpServlet.java:583)
		at org.apache.catalina.core.ApplicationFilterChain.internalDoFilter(ApplicationFilterChain.java:212)
		at org.apache.catalina.core.ApplicationFilterChain.doFilter(ApplicationFilterChain.java:156)
		at org.apache.tomcat.websocket.server.WsFilter.doFilter(WsFilter.java:51)
		at org.apache.catalina.core.ApplicationFilterChain.internalDoFilter(ApplicationFilterChain.java:181)
		at org.apache.catalina.core.ApplicationFilterChain.doFilter(ApplicationFilterChain.java:156)
		at org.apache.catalina.core.StandardWrapperValve.invoke(StandardWrapperValve.java:168)
		at org.apache.catalina.core.StandardContextValve.invoke(StandardContextValve.java:90)
		at org.apache.catalina.authenticator.AuthenticatorBase.invoke(AuthenticatorBase.java:483)
		at org.apache.catalina.core.StandardHostValve.invoke(StandardHostValve.java:130)
		at org.apache.catalina.valves.ErrorReportValve.invoke(ErrorReportValve.java:93)
		at org.apache.catalina.valves.AbstractAccessLogValve.invoke(AbstractAccessLogValve.java:679)
		at org.apache.catalina.core.StandardEngineValve.invoke(StandardEngineValve.java:74)
		at org.apache.catalina.connector.CoyoteAdapter.service(CoyoteAdapter.java:342)
		at org.apache.coyote.http11.Http11Processor.service(Http11Processor.java:617)
		at org.apache.coyote.AbstractProcessorLight.process(AbstractProcessorLight.java:63)
		at org.apache.coyote.AbstractProtocol$ConnectionHandler.process(AbstractProtocol.java:934)
		at org.apache.tomcat.util.net.NioEndpoint$SocketProcessor.doRun(NioEndpoint.java:1698)
		at org.apache.tomcat.util.net.SocketProcessorBase.run(SocketProcessorBase.java:52)
		at org.apache.tomcat.util.threads.ThreadPoolExecutor.runWorker(ThreadPoolExecutor.java:1191)
		at org.apache.tomcat.util.threads.ThreadPoolExecutor$Worker.run(ThreadPoolExecutor.java:659)
		at org.apache.tomcat.util.threads.TaskThread$WrappingRunnable.run(TaskThread.java:61)
		at java.base/java.lang.Thread.run(Thread.java:840)
